Component: ARM Compiler 5.06 update 6 (build 750) Tool: armlink [4d35ed]

==============================================================================

Section Cross References

    instask.o(i.IMU_getValues) refers to bmi088.o(i.BMI088_read) for BMI088_read
    instask.o(i.IMU_getValues) refers to instask.o(.bss) for bmi088_real_data
    instask.o(i.IMU_getValues) refers to instask.o(.data) for Eff
    instask.o(i.INSTask) refers to cmsis_os.o(i.osDelay) for osDelay
    instask.o(i.INSTask) refers to bmi088.o(i.BMI088_init) for BMI088_init
    instask.o(i.INSTask) refers to bmi088.o(i.BMI088_read) for BMI088_read
    instask.o(i.INSTask) refers to pid.o(i.PID_Delta_init) for PID_Delta_init
    instask.o(i.INSTask) refers to instask.o(i.imu_cali_slove) for imu_cali_slove
    instask.o(i.INSTask) refers to ahrs.o(i.AHRS_init) for AHRS_init
    instask.o(i.INSTask) refers to cmsis_os.o(i.osKernelSysTick) for osKernelSysTick
    instask.o(i.INSTask) refers to myuart.o(i.myprintf) for myprintf
    instask.o(i.INSTask) refers to instask.o(i.IMU_getValues) for IMU_getValues
    instask.o(i.INSTask) refers to instask.o(i.imu_temp_control) for imu_temp_control
    instask.o(i.INSTask) refers to ahrs.o(i.AHRS_update) for AHRS_update
    instask.o(i.INSTask) refers to ahrs.o(i.get_angle) for get_angle
    instask.o(i.INSTask) refers to cmsis_os.o(i.osDelayUntil) for osDelayUntil
    instask.o(i.INSTask) refers to instask.o(.bss) for bmi088_real_data
    instask.o(i.INSTask) refers to instask.o(.constdata) for fliter_num
    instask.o(i.imu_cali_slove) refers to instask.o(.data) for gyro_scale_factor
    instask.o(i.imu_cali_slove) refers to instask.o(.bss) for gyro_offset
    instask.o(i.imu_temp_control) refers to pid.o(i.f_PID_Delta_Calc) for f_PID_Delta_Calc
    instask.o(i.imu_temp_control) refers to instask.o(.data) for first_temperate
    instask.o(i.imu_temp_control) refers to instask.o(.bss) for imu_temp_pid
    instask.o(i.imu_temp_control) refers to tim.o(.bss) for htim10
    haltick.o(i.delay_ms) refers to haltick.o(i.delay_us) for delay_us
    haltick.o(i.delay_us) refers to haltick.o(i.micros) for micros
    haltick.o(i.micros) refers to stm32f4xx_hal.o(i.HAL_GetTick) for HAL_GetTick
    haltick.o(i.micros) refers to haltick.o(.data) for haltick
    mycan.o(i.CAN1_rxDataHandler) refers to motor.o(i.get_Motor_Data) for get_Motor_Data
    mycan.o(i.CAN1_rxDataHandler) refers to motor.o(.data) for Gimbal
    mycan.o(i.CAN2_rxDataHandler) refers to motor.o(i.get_Motor_Data) for get_Motor_Data
    mycan.o(i.CAN2_rxDataHandler) refers to motor.o(.data) for Gimbal
    mycan.o(i.CAN_Init) refers to rt_memclr_w.o(.text) for __aeabi_memclr4
    mycan.o(i.CAN_Init) refers to stm32f4xx_hal_can.o(i.HAL_CAN_ConfigFilter) for HAL_CAN_ConfigFilter
    mycan.o(i.CAN_Init) refers to main.o(i.Error_Handler) for Error_Handler
    mycan.o(i.CAN_Init) refers to stm32f4xx_hal_can.o(i.HAL_CAN_Start) for HAL_CAN_Start
    mycan.o(i.CAN_Init) refers to stm32f4xx_hal_can.o(i.HAL_CAN_ActivateNotification) for HAL_CAN_ActivateNotification
    mycan.o(i.CAN_Init) refers to can.o(.bss) for hcan1
    mycan.o(i.HAL_CAN_RxFifo0MsgPendingCallback) refers to stm32f4xx_hal_can.o(i.HAL_CAN_GetRxMessage) for HAL_CAN_GetRxMessage
    mycan.o(i.HAL_CAN_RxFifo0MsgPendingCallback) refers to mycan.o(i.CAN1_rxDataHandler) for CAN1_rxDataHandler
    mycan.o(i.HAL_CAN_RxFifo0MsgPendingCallback) refers to mycan.o(i.CAN2_rxDataHandler) for CAN2_rxDataHandler
    mycan.o(i.HAL_CAN_RxFifo0MsgPendingCallback) refers to mycan.o(.bss) for hcanRxFrame
    mycan.o(i.USER_CAN_TxMessage) refers to stm32f4xx_hal_can.o(i.HAL_CAN_AddTxMessage) for HAL_CAN_AddTxMessage
    myiic.o(i.IIC_Ack) refers to haltick.o(i.delay_us) for delay_us
    myiic.o(i.IIC_NAck) refers to haltick.o(i.delay_us) for delay_us
    myiic.o(i.IIC_Read_Byte) refers to haltick.o(i.delay_us) for delay_us
    myiic.o(i.IIC_Read_Byte) refers to myiic.o(i.IIC_NAck) for IIC_NAck
    myiic.o(i.IIC_Read_Byte) refers to myiic.o(i.IIC_Ack) for IIC_Ack
    myiic.o(i.IIC_Send_Byte) refers to haltick.o(i.delay_us) for delay_us
    myiic.o(i.IIC_Start) refers to haltick.o(i.delay_us) for delay_us
    myiic.o(i.IIC_Stop) refers to haltick.o(i.delay_us) for delay_us
    myiic.o(i.IIC_Wait_Ack) refers to haltick.o(i.delay_us) for delay_us
    myiic.o(i.IIC_Wait_Ack) refers to myiic.o(i.IIC_Stop) for IIC_Stop
    myspi.o(i.SPI1_DMA_enable) refers to spi.o(.bss) for hspi1
    myspi.o(i.SPI1_DMA_init) refers to spi.o(.bss) for hspi1
    myspi.o(i.SPI_ReadWriteByte) refers to stm32f4xx_hal_spi.o(i.HAL_SPI_TransmitReceive) for HAL_SPI_TransmitReceive
    myuart.o(i.USAR_UART1_IDLECallback) refers to stm32f4xx_hal_uart.o(i.HAL_UART_Receive_DMA) for HAL_UART_Receive_DMA
    myuart.o(i.USAR_UART1_IDLECallback) refers to myuart.o(.bss) for UART1_RX_BUF
    myuart.o(i.USAR_UART1_IDLECallback) refers to myuart.o(.data) for IF_Action_ENABLE
[...]
    xNumOfOverflows                          0x2000026c   Data           4  tasks.o(.data)
    uxTaskNumber                             0x20000270   Data           4  tasks.o(.data)
    xNextTaskUnblockTime                     0x20000274   Data           4  tasks.o(.data)
    xIdleTaskHandle                          0x20000278   Data           4  tasks.o(.data)
    uxSchedulerSuspended                     0x2000027c   Data           4  tasks.o(.data)
    .data                                    0x20000280   Section       32  heap_4.o(.data)
    xStart                                   0x20000280   Data           8  heap_4.o(.data)
    pxEnd                                    0x20000288   Data           4  heap_4.o(.data)
    xFreeBytesRemaining                      0x2000028c   Data           4  heap_4.o(.data)
    xMinimumEverFreeBytesRemaining           0x20000290   Data           4  heap_4.o(.data)
    xNumberOfSuccessfulAllocations           0x20000294   Data           4  heap_4.o(.data)
    xNumberOfSuccessfulFrees                 0x20000298   Data           4  heap_4.o(.data)
    xBlockAllocatedBit                       0x2000029c   Data           4  heap_4.o(.data)
    .data                                    0x200002a0   Section       12  port.o(.data)
    uxCriticalNesting                        0x200002a0   Data           4  port.o(.data)
    ucMaxSysCallPriority                     0x200002a4   Data           1  port.o(.data)
    ulMaxPRIGROUPValue                       0x200002a8   Data           4  port.o(.data)
    .data                                    0x200002ac   Section        9  stm32f4xx_hal.o(.data)
    .data                                    0x200002b8   Section       16  ahrs.o(.data)
    local_hight                              0x200002b8   Data           4  ahrs.o(.data)
    latitude                                 0x200002bc   Data           4  ahrs.o(.data)
    local_gravity                            0x200002c0   Data           4  ahrs.o(.data)
    carrier_gravity                          0x200002c4   Data           4  ahrs.o(.data)
    .bss                                     0x200002c8   Section     2920  instask.o(.bss)
    imu_temp_pid                             0x200002ec   Data          44  instask.o(.bss)
    accel_fliter_1                           0x200003a0   Data          12  instask.o(.bss)
    accel_fliter_2                           0x200003ac   Data          12  instask.o(.bss)
    accel_fliter_3                           0x200003b8   Data          12  instask.o(.bss)
    .bss                                     0x20000e30   Section       36  mycan.o(.bss)
    .bss                                     0x20000e54   Section      145  myuart.o(.bss)
    .bss                                     0x20000ee8   Section       36  bmi088.o(.bss)
    .bss                                     0x20000f0c   Section      596  freertos.o(.bss)
    xIdleTaskTCBBuffer                       0x20000f0c   Data          84  freertos.o(.bss)
    xIdleStack                               0x20000f60   Data         512  freertos.o(.bss)
    .bss                                     0x20001160   Section       80  can.o(.bss)
    .bss                                     0x200011b0   Section       88  spi.o(.bss)
    .bss                                     0x20001208   Section       72  tim.o(.bss)
    .bss                                     0x20001250   Section      492  usart.o(.bss)
    .bss                                     0x2000143c   Section       72  stm32f4xx_hal_timebase_tim.o(.bss)
    .bss                                     0x20001484   Section      240  tasks.o(.bss)
    pxReadyTasksLists                        0x20001484   Data         140  tasks.o(.bss)
    xDelayedTaskList1                        0x20001510   Data          20  tasks.o(.bss)
    xDelayedTaskList2                        0x20001524   Data          20  tasks.o(.bss)
    xPendingReadyList                        0x20001538   Data          20  tasks.o(.bss)
    xTasksWaitingTermination                 0x2000154c   Data          20  tasks.o(.bss)
    xSuspendedTaskList                       0x20001560   Data          20  tasks.o(.bss)
    .bss                                     0x20001574   Section    15360  heap_4.o(.bss)
    ucHeap                                   0x20001574   Data       15360  heap_4.o(.bss)
    .bss                                     0x20005174   Section       96  libspace.o(.bss)
    HEAP                                     0x200051d8   Section      512  startup_stm32f407xx.o(HEAP)
    Heap_Mem                                 0x200051d8   Data         512  startup_stm32f407xx.o(HEAP)
    STACK                                    0x200053d8   Section     1024  startup_stm32f407xx.o(STACK)
    Stack_Mem                                0x200053d8   Data        1024  startup_stm32f407xx.o(STACK)
    __initial_sp                             0x200057d8   Data           0  startup_stm32f407xx.o(STACK)

    Global Symbols

    Symbol Name                              Value     Ov Type        Size  Object(Section)

    BuildAttributes$$THM_ISAv4$E$P$D$K$B$S$7EM$VFPi3$EXTD16$VFPS$VFMA$PE$A:L22UL41UL21$X:L11$S22US41US21$IEEE1$IW$USESV6$~STKCKD$USESV7$~SHL$OTIME$ROPI$IEEEX$EBA8$UX$STANDARDLIB$REQ8$PRES8$EABIv2 0x00000000   Number         0  anon$$obj.o ABSOLUTE
    __ARM_use_no_argv                        0x00000000   Number         0  main.o ABSOLUTE
    __ARM_exceptions_init                     - Undefined Weak Reference
    __alloca_initialize                       - Undefined Weak Reference
    __arm_preinit_                            - Undefined Weak Reference
    __cpp_initialize__aeabi_                  - Undefined Weak Reference
    __cxa_finalize                            - Undefined Weak Reference
    __rt_locale                               - Undefined Weak Reference
    __sigvec_lookup                           - Undefined Weak Reference
    _atexit_init                              - Undefined Weak Reference
    _call_atexit_fns                          - Undefined Weak Reference
    _clock_init                               - Undefined Weak Reference
    _fp_trap_init                             - Undefined Weak Reference
    _fp_trap_shutdown                         - Undefined Weak Reference
    _get_lc_collate                           - Undefined Weak Reference
    _get_lc_ctype                             - Undefined Weak Reference
    _get_lc_monetary                          - Undefined Weak Reference
    _get_lc_numeric                           - Undefined Weak Reference
    _get_lc_time                              - Undefined Weak Reference
    _getenv_init                              - Undefined Weak Reference
    _handle_redirection                       - Undefined Weak Reference
    _init_alloc                               - Undefined Weak Reference
    _init_user_alloc                          - Undefined Weak Reference
    _initio                                   - Undefined Weak Reference
    _rand_init                                - Undefined Weak Reference
    _signal_finish                            - Undefined Weak Reference
    _signal_init                              - Undefined Weak Reference
    _terminate_alloc                          - Undefined Weak Reference
    _terminate_user_alloc                     - Undefined Weak Reference
    _terminateio                              - Undefined Weak Reference
    __Vectors_Size                           0x00000188   Number         0  startup_stm32f407xx.o ABSOLUTE
    __Vectors                                0x08000000   Data           4  startup_stm32f407xx.o(RESET)
    __Vectors_End                            0x08000188   Data           0  startup_stm32f407xx.o(RESET)
    __main                                   0x08000189   Thumb Code     8  __main.o(!!!main)
    __scatterload                            0x08000191   Thumb Code     0  __scatter.o(!!!scatter)
    __scatterload_rt2                        0x08000191   Thumb Code    44  __scatter.o(!!!scatter)
    __scatterload_rt2_thumb_only             0x08000191   Thumb Code     0  __scatter.o(!!!scatter)
    __scatterload_null                       0x0800019f   Thumb Code     0  __scatter.o(!!!scatter)
    __decompress                             0x080001c5   Thumb Code    90  __dczerorl2.o(!!dczerorl2)
    __decompress1                            0x080001c5   Thumb Code     0  __dczerorl2.o(!!dczerorl2)
    __scatterload_zeroinit                   0x08000221   Thumb Code    28  __scatter_zi.o(!!handler_zi)
    __rt_lib_init                            0x0800023d   Thumb Code     0  libinit.o(.ARM.Collect$$libinit$$00000000)
    __rt_lib_init_fp_1                       0x0800023f   Thumb Code     0  libinit2.o(.ARM.Collect$$libinit$$00000001)
    __rt_lib_init_alloca_1                   0x08000243   Thumb Code     0  libinit2.o(.ARM.Collect$$libinit$$0000002E)
    __rt_lib_init_argv_1                     0x08000243   Thumb Code     0  libinit2.o(.ARM.Collect$$libinit$$0000002C)
    __rt_lib_init_atexit_1                   0x08000243   Thumb Code     0  libinit2.o(.ARM.Collect$$libinit$$0000001B)
    __rt_lib_init_clock_1                    0x08000243   Thumb Code     0  libinit2.o(.ARM.Collect$$libinit$$00000021)
    __rt_lib_init_cpp_1                      0x08000243   Thumb Code     0  libinit2.o(.ARM.Collect$$libinit$$00000032)
    __rt_lib_init_exceptions_1               0x08000243   Thumb Code     0  libinit2.o(.ARM.Collect$$libinit$$00000030)
    __rt_lib_init_fp_trap_1                  0x08000243   Thumb Code     0  libinit2.o(.ARM.Collect$$libinit$$0000001F)
    __rt_lib_init_getenv_1                   0x08000243   Thumb Code     0  libinit2.o(.ARM.Collect$$libinit$$00000023)
    __rt_lib_init_heap_1                     0x08000243   Thumb Code     0  libinit2.o(.ARM.Collect$$libinit$$0000000A)
    __rt_lib_init_lc_collate_1               0x08000243   Thumb Code     0  libinit2.o(.ARM.Collect$$libinit$$00000011)
    __rt_lib_init_lc_ctype_1                 0x08000243   Thumb Code     0  libinit2.o(.ARM.Collect$$libinit$$00000013)
    __rt_lib_init_lc_monetary_1              0x08000243   Thumb Code     0  libinit2.o(.ARM.Collect$$libinit$$00000015)
    __rt_lib_init_lc_numeric_1               0x08000243   Thumb Code     0  libinit2.o(.ARM.Collect$$libinit$$00000017)
    __rt_lib_init_lc_time_1                  0x08000243   Thumb Code     0  libinit2.o(.ARM.Collect$$libinit$$00000019)
    __rt_lib_init_preinit_1                  0x08000243   Thumb Code     0  libinit2.o(.ARM.Collect$$libinit$$00000004)
    __rt_lib_init_rand_1                     0x08000243   Thumb Code     0  libinit2.o(.ARM.Collect$$libinit$$0000000E)
    __rt_lib_init_return                     0x08000243   Thumb Code     0  libinit2.o(.ARM.Collect$$libinit$$00000033)
    __rt_lib_init_signal_1                   0x08000243   Thumb Code     0  libinit2.o(.ARM.Collect$$libinit$$0000001D)
    __rt_lib_init_stdio_1                    0x08000243   Thumb Code     0  libinit2.o(.ARM.Collect$$libinit$$00000025)
    __rt_lib_init_user_alloc_1               0x08000243   Thumb Code     0  libinit2.o(.ARM.Collect$$libinit$$0000000C)
    __rt_lib_shutdown                        0x08000245   Thumb Code     0  libshutdown.o(.ARM.Collect$$libshutdown$$00000000)
    __rt_lib_shutdown_cpp_1                  0x08000247   Thumb Code     0  libshutdown2.o(.ARM.Collect$$libshutdown$$00000002)
    __rt_lib_shutdown_fp_trap_1              0x08000247   Thumb Code     0  libshutdown2.o(.ARM.Collect$$libshutdown$$00000007)
    __rt_lib_shutdown_heap_1                 0x08000247   Thumb Code     0  libshutdown2.o(.ARM.Collect$$libshutdown$$0000000F)
    __rt_lib_shutdown_return                 0x08000247   Thumb Code     0  libshutdown2.o(.ARM.Collect$$libshutdown$$00000010)
    __rt_lib_shutdown_signal_1               0x08000247   Thumb Code     0  libshutdown2.o(.ARM.Collect$$libshutdown$$0000000A)
    __rt_lib_shutdown_stdio_1                0x08000247   Thumb Code     0  libshutdown2.o(.ARM.Collect$$libshutdown$$00000004)
    __rt_lib_shutdown_user_alloc_1           0x08000247   Thumb Code     0  libshutdown2.o(.ARM.Collect$$libshutdown$$0000000C)
    __rt_entry                               0x08000249   Thumb Code     0  __rtentry.o(.ARM.Collect$$rtentry$$00000000)
    __rt_entry_presh_1                       0x08000249   Thumb Code     0  __rtentry2.o(.ARM.Collect$$rtentry$$00000002)
    __rt_entry_sh                            0x08000249   Thumb Code     0  __rtentry4.o(.ARM.Collect$$rtentry$$00000004)
    __rt_entry_li                            0x0800024f   Thumb Code     0  __rtentry2.o(.ARM.Collect$$rtentry$$0000000A)
    __rt_entry_postsh_1                      0x0800024f   Thumb Code     0  __rtentry2.o(.ARM.Collect$$rtentry$$00000009)
    __rt_entry_main                          0x08000253   Thumb Code     0  __rtentry2.o(.ARM.Collect$$rtentry$$0000000D)
    __rt_entry_postli_1                      0x08000253   Thumb Code     0  __rtentry2.o(.ARM.Collect$$rtentry$$0000000C)
    __rt_exit                                0x0800025b   Thumb Code     0  rtexit.o(.ARM.Collect$$rtexit$$00000000)
    __rt_exit_ls                             0x0800025d   Thumb Code     0  rtexit2.o(.ARM.Collect$$rtexit$$00000003)
    __rt_exit_prels_1                        0x0800025d   Thumb Code     0  rtexit2.o(.ARM.Collect$$rtexit$$00000002)
    __rt_exit_exit                           0x08000261   Thumb Code     0  rtexit2.o(.ARM.Collect$$rtexit$$00000004)
    SVC_Handler                              0x08000269   Thumb Code    28  port.o(.emb_text)
    __asm___6_port_c_39a90d8d__prvStartFirstTask 0x08000289   Thumb Code    36  port.o(.emb_text)
    __asm___6_port_c_39a90d8d__prvEnableVFP  0x080002b1   Thumb Code    16  port.o(.emb_text)
    PendSV_Handler                           0x080002c5   Thumb Code    88  port.o(.emb_text)
    vPortGetIPSR                             0x08000321   Thumb Code     6  port.o(.emb_text)
    Reset_Handler                            0x08000329   Thumb Code     8  startup_stm32f407xx.o(.text)
    ADC_IRQHandler                           0x08000343   Thumb Code     0  startup_stm32f407xx.o(.text)
    CAN1_RX1_IRQHandler                      0x08000343   Thumb Code     0  startup_stm32f407xx.o(.text)
    CAN1_SCE_IRQHandler                      0x08000343   Thumb Code     0  startup_stm32f407xx.o(.text)
    CAN2_RX1_IRQHandler                      0x08000343   Thumb Code     0  startup_stm32f407xx.o(.text)
    CAN2_SCE_IRQHandler                      0x08000343   Thumb Code     0  startup_stm32f407xx.o(.text)
    DCMI_IRQHandler                          0x08000343   Thumb Code     0  startup_stm32f407xx.o(.text)
    DMA1_Stream0_IRQHandler                  0x08000343   Thumb Code     0  startup_stm32f407xx.o(.text)
    DMA1_Stream2_IRQHandler                  0x08000343   Thumb Code     0  startup_stm32f407xx.o(.text)
    DMA1_Stream3_IRQHandler                  0x08000343   Thumb Code     0  startup_stm32f407xx.o(.text)
    DMA1_Stream4_IRQHandler                  0x08000343   Thumb Code     0  startup_stm32f407xx.o(.text)
    DMA1_Stream5_IRQHandler                  0x08000343   Thumb Code     0  startup_stm32f407xx.o(.text)
    DMA1_Stream6_IRQHandler                  0x08000343   Thumb Code     0  startup_stm32f407xx.o(.text)
    DMA1_Stream7_IRQHandler                  0x08000343   Thumb Code     0  startup_stm32f407xx.o(.text)
    DMA2_Stream0_IRQHandler                  0x08000343   Thumb Code     0  startup_stm32f407xx.o(.text)
    DMA2_Stream1_IRQHandler                  0x08000343   Thumb Code     0  startup_stm32f407xx.o(.text)
    DMA2_Stream2_IRQHandler                  0x08000343   Thumb Code     0  startup_stm32f407xx.o(.text)
    DMA2_Stream3_IRQHandler                  0x08000343   Thumb Code     0  startup_stm32f407xx.o(.text)
    DMA2_Stream4_IRQHandler                  0x08000343   Thumb Code     0  startup_stm32f407xx.o(.text)
    DMA2_Stream5_IRQHandler                  0x08000343   Thumb Code     0  startup_stm32f407xx.o(.text)
    ETH_IRQHandler                           0x08000343   Thumb Code     0  startup_stm32f407xx.o(.text)
    ETH_WKUP_IRQHandler                      0x08000343   Thumb Code     0  startup_stm32f407xx.o(.text)
    EXTI0_IRQHandler                         0x08000343   Thumb Code     0  startup_stm32f407xx.o(.text)
    EXTI15_10_IRQHandler                     0x08000343   Thumb Code     0  startup_stm32f407xx.o(.text)
    EXTI1_IRQHandler                         0x08000343   Thumb Code     0  startup_stm32f407xx.o(.text)
    EXTI2_IRQHandler                         0x08000343   Thumb Code     0  startup_stm32f407xx.o(.text)
    FLASH_IRQHandler                         0x08000343   Thumb Code     0  startup_stm32f407xx.o(.text)
    FMC_IRQHandler                           0x08000343   Thumb Code     0  startup_stm32f407xx.o(.text)
    FPU_IRQHandler                           0x08000343   Thumb Code     0  startup_stm32f407xx.o(.text)
    HASH_RNG_IRQHandler                      0x08000343   Thumb Code     0  startup_stm32f407xx.o(.text)
    I2C1_ER_IRQHandler                       0x08000343   Thumb Code     0  startup_stm32f407xx.o(.text)
    I2C1_EV_IRQHandler                       0x08000343   Thumb Code     0  startup_stm32f407xx.o(.text)
    I2C2_ER_IRQHandler                       0x08000343   Thumb Code     0  startup_stm32f407xx.o(.text)
    I2C2_EV_IRQHandler                       0x08000343   Thumb Code     0  startup_stm32f407xx.o(.text)
    I2C3_ER_IRQHandler                       0x08000343   Thumb Code     0  startup_stm32f407xx.o(.text)
    I2C3_EV_IRQHandler                       0x08000343   Thumb Code     0  startup_stm32f407xx.o(.text)
    OTG_FS_IRQHandler                        0x08000343   Thumb Code     0  startup_stm32f407xx.o(.text)
    OTG_FS_WKUP_IRQHandler                   0x08000343   Thumb Code     0  startup_stm32f407xx.o(.text)
    OTG_HS_EP1_IN_IRQHandler                 0x08000343   Thumb Code     0  startup_stm32f407xx.o(.text)
    OTG_HS_EP1_OUT_IRQHandler                0x08000343   Thumb Code     0  startup_stm32f407xx.o(.text)
    OTG_HS_IRQHandler                        0x08000343   Thumb Code     0  startup_stm32f407xx.o(.text)
    OTG_HS_WKUP_IRQHandler                   0x08000343   Thumb Code     0  startup_stm32f407xx.o(.text)
    PVD_IRQHandler                           0x08000343   Thumb Code     0  startup_stm32f407xx.o(.text)
    RCC_IRQHandler                           0x08000343   Thumb Code     0  startup_stm32f407xx.o(.text)
    RTC_Alarm_IRQHandler                     0x08000343   Thumb Code     0  startup_stm32f407xx.o(.text)
    RTC_WKUP_IRQHandler                      0x08000343   Thumb Code     0  startup_stm32f407xx.o(.text)
    SDIO_IRQHandler                          0x08000343   Thumb Code     0  startup_stm32f407xx.o(.text)
    SPI1_IRQHandler                          0x08000343   Thumb Code     0  startup_stm32f407xx.o(.text)
    SPI2_IRQHandler                          0x08000343   Thumb Code     0  startup_stm32f407xx.o(.text)
    SPI3_IRQHandler                          0x08000343   Thumb Code     0  startup_stm32f407xx.o(.text)
    TAMP_STAMP_IRQHandler                    0x08000343   Thumb Code     0  startup_stm32f407xx.o(.text)
    TIM1_BRK_TIM9_IRQHandler                 0x08000343   Thumb Code     0  startup_stm32f407xx.o(.text)
    TIM1_CC_IRQHandler                       0x08000343   Thumb Code     0  startup_stm32f407xx.o(.text)
    TIM1_TRG_COM_TIM11_IRQHandler            0x08000343   Thumb Code     0  startup_stm32f407xx.o(.text)
    TIM1_UP_TIM10_IRQHandler                 0x08000343   Thumb Code     0  startup_stm32f407xx.o(.text)
    TIM3_IRQHandler                          0x08000343   Thumb Code     0  startup_stm32f407xx.o(.text)
    TIM4_IRQHandler                          0x08000343   Thumb Code     0  startup_stm32f407xx.o(.text)
    TIM5_IRQHandler                          0x08000343   Thumb Code     0  startup_stm32f407xx.o(.text)
    TIM6_DAC_IRQHandler                      0x08000343   Thumb Code     0  startup_stm32f407xx.o(.text)
    TIM7_IRQHandler                          0x08000343   Thumb Code     0  startup_stm32f407xx.o(.text)
    TIM8_BRK_TIM12_IRQHandler                0x08000343   Thumb Code     0  startup_stm32f407xx.o(.text)
    TIM8_CC_IRQHandler                       0x08000343   Thumb Code     0  startup_stm32f407xx.o(.text)
    TIM8_TRG_COM_TIM14_IRQHandler            0x08000343   Thumb Code     0  startup_stm32f407xx.o(.text)
    TIM8_UP_TIM13_IRQHandler                 0x08000343   Thumb Code     0  startup_stm32f407xx.o(.text)
    UART4_IRQHandler                         0x08000343   Thumb Code     0  startup_stm32f407xx.o(.text)
    UART5_IRQHandler                         0x08000343   Thumb Code     0  startup_stm32f407xx.o(.text)
    USART2_IRQHandler                        0x08000343   Thumb Code     0  startup_stm32f407xx.o(.text)
    WWDG_IRQHandler                          0x08000343   Thumb Code     0  startup_stm32f407xx.o(.text)
    __user_initial_stackheap                 0x08000345   Thumb Code     0  startup_stm32f407xx.o(.text)
    __aeabi_uldivmod                         0x08000369   Thumb Code     0  lludivv7m.o(.text)
    _ll_udiv                                 0x08000369   Thumb Code   238  lludivv7m.o(.text)
    __aeabi_memcpy4                          0x08000457   Thumb Code     0  rt_memcpy_w.o(.text)
    __aeabi_memcpy8                          0x08000457   Thumb Code     0  rt_memcpy_w.o(.text)
    __rt_memcpy_w                            0x08000457   Thumb Code   100  rt_memcpy_w.o(.text)
    _memcpy_lastbytes_aligned                0x0800049f   Thumb Code     0  rt_memcpy_w.o(.text)
    __aeabi_memset                           0x080004bb   Thumb Code    16  aeabi_memset.o(.text)
    __aeabi_memclr4                          0x080004cb   Thumb Code     0  rt_memclr_w.o(.text)
    __aeabi_memclr8                          0x080004cb   Thumb Code     0  rt_memclr_w.o(.text)
    __rt_memclr_w                            0x080004cb   Thumb Code    78  rt_memclr_w.o(.text)
    _memset_w                                0x080004cf   Thumb Code     0  rt_memclr_w.o(.text)
    __use_two_region_memory                  0x08000519   Thumb Code     2  heapauxi.o(.text)
    __rt_heap_escrow$2region                 0x0800051b   Thumb Code     2  heapauxi.o(.text)
    __rt_heap_expand$2region                 0x0800051d   Thumb Code     2  heapauxi.o(.text)
    __read_errno                             0x0800051f   Thumb Code    10  _rserrno.o(.text)
    __set_errno                              0x08000529   Thumb Code    12  _rserrno.o(.text)
    __aeabi_memclr                           0x08000535   Thumb Code     0  rt_memclr.o(.text)
    __rt_memclr                              0x08000535   Thumb Code    68  rt_memclr.o(.text)
    _memset                                  0x08000539   Thumb Code     0  rt_memclr.o(.text)
    __aeabi_errno_addr                       0x08000579   Thumb Code     8  rt_errno_addr_intlibspace.o(.text)
    __errno$intlibspace                      0x08000579   Thumb Code     0  rt_errno_addr_intlibspace.o(.text)
    __rt_errno_addr$intlibspace              0x08000579   Thumb Code     0  rt_errno_addr_intlibspace.o(.text)
    __user_libspace                          0x08000581   Thumb Code     8  libspace.o(.text)
    __user_perproc_libspace                  0x08000581   Thumb Code     0  libspace.o(.text)
    __user_perthread_libspace                0x08000581   Thumb Code     0  libspace.o(.text)
    __user_setup_stackheap                   0x08000589   Thumb Code    74  sys_stackheap_outer.o(.text)
    exit                                     0x080005d3   Thumb Code    18  exit.o(.text)
    _sys_exit                                0x080005e5   Thumb Code     8  sys_exit.o(.text)
    __I$use$semihosting                      0x080005f1   Thumb Code     0  use_no_semi.o(.text)
    __use_no_semihosting_swi                 0x080005f1   Thumb Code     2  use_no_semi.o(.text)
    AHRS_asinf                               0x080005f3   Thumb Code    24  ahrs_middleware.o(i.AHRS_asinf)
    __semihosting_library_function           0x080005f3   Thumb Code     0  indicate_semi.o(.text)
    AHRS_atan2f                              0x0800060b   Thumb Code    32  ahrs_middleware.o(i.AHRS_atan2f)
    AHRS_cosf                                0x0800062b   Thumb Code    24  ahrs_middleware.o(i.AHRS_cosf)
    AHRS_get_height                          0x0800065d   Thumb Code    12  ahrs_middleware.o(i.AHRS_get_height)
    AHRS_get_latitude                        0x0800066d   Thumb Code    12  ahrs_middleware.o(i.AHRS_get_latitude)
    AHRS_init                                0x08000679   Thumb Code   626  ahrs.o(i.AHRS_init)
    AHRS_invSqrt                             0x08000915   Thumb Code    36  ahrs_middleware.o(i.AHRS_invSqrt)
    AHRS_sinf                                0x08000939   Thumb Code    24  ahrs_middleware.o(i.AHRS_sinf)
    AHRS_update                              0x08000951   Thumb Code   314  ahrs.o(i.AHRS_update)
    BMI088_init                              0x08000b01   Thumb Code    30  bmi088.o(i.BMI088_init)
    BMI088_read                              0x08000b21   Thumb Code   508  bmi088.o(i.BMI088_read)
    BusFault_Handler                         0x08000d99   Thumb Code     4  stm32f4xx_it.o(i.BusFault_Handler)
    CAN1_RX0_IRQHandler                      0x08000d9d   Thumb Code    10  stm32f4xx_it.o(i.CAN1_RX0_IRQHandler)
    CAN1_TX_IRQHandler                       0x08000dad   Thumb Code    10  stm32f4xx_it.o(i.CAN1_TX_IRQHandler)
    CAN1_rxDataHandler                       0x08000dbd   Thumb Code    18  mycan.o(i.CAN1_rxDataHandler)
    CAN2_RX0_IRQHandler                      0x08000dd5   Thumb Code    10  stm32f4xx_it.o(i.CAN2_RX0_IRQHandler)
    CAN2_TX_IRQHandler                       0x08000de5   Thumb Code    10  stm32f4xx_it.o(i.CAN2_TX_IRQHandler)
    CAN2_rxDataHandler                       0x08000df5   Thumb Code    18  mycan.o(i.CAN2_rxDataHandler)
    DMA1_Stream1_IRQHandler                  0x08000e0d   Thumb Code    10  stm32f4xx_it.o(i.DMA1_Stream1_IRQHandler)
    DMA2_Stream6_IRQHandler                  0x08000e1d   Thumb Code    10  stm32f4xx_it.o(i.DMA2_Stream6_IRQHandler)
    DMA2_Stream7_IRQHandler                  0x08000e2d   Thumb Code    10  stm32f4xx_it.o(i.DMA2_Stream7_IRQHandler)
    DebugMon_Handler                         0x08000f47   Thumb Code     2  stm32f4xx_it.o(i.DebugMon_Handler)
    EXTI3_IRQHandler                         0x08000f49   Thumb Code    10  stm32f4xx_it.o(i.EXTI3_IRQHandler)
    EXTI4_IRQHandler                         0x08000f53   Thumb Code    10  stm32f4xx_it.o(i.EXTI4_IRQHandler)
    EXTI9_5_IRQHandler                       0x08000f5d   Thumb Code    22  stm32f4xx_it.o(i.EXTI9_5_IRQHandler)
    Error_Handler                            0x08000f73   Thumb Code     6  main.o(i.Error_Handler)
    HAL_CAN_ErrorCallback                    0x08000f79   Thumb Code     2  stm32f4xx_hal_can.o(i.HAL_CAN_ErrorCallback)
    HAL_CAN_GetRxMessage                     0x08000f7b   Thumb Code   378  stm32f4xx_hal_can.o(i.HAL_CAN_GetRxMessage)
    HAL_CAN_IRQHandler                       0x080010f5   Thumb Code   590  stm32f4xx_hal_can.o(i.HAL_CAN_IRQHandler)
    HAL_CAN_Init                             0x08001343   Thumb Code   372  stm32f4xx_hal_can.o(i.HAL_CAN_Init)
    HAL_CAN_MspInit                          0x080014b9   Thumb Code   360  can.o(i.HAL_CAN_MspInit)
    HAL_CAN_RxFifo0FullCallback              0x08001639   Thumb Code     2  stm32f4xx_hal_can.o(i.HAL_CAN_RxFifo0FullCallback)
    HAL_CAN_RxFifo0MsgPendingCallback        0x0800163d   Thumb Code    72  mycan.o(i.HAL_CAN_RxFifo0MsgPendingCallback)
    HAL_CAN_RxFifo1FullCallback              0x08001691   Thumb Code     2  stm32f4xx_hal_can.o(i.HAL_CAN_RxFifo1FullCallback)
    HAL_CAN_RxFifo1MsgPendingCallback        0x08001693   Thumb Code     2  stm32f4xx_hal_can.o(i.HAL_CAN_RxFifo1MsgPendingCallback)
    HAL_CAN_SleepCallback                    0x08001695   Thumb Code     2  stm32f4xx_hal_can.o(i.HAL_CAN_SleepCallback)
    HAL_CAN_TxMailbox0AbortCallback          0x08001697   Thumb Code     2  stm32f4xx_hal_can.o(i.HAL_CAN_TxMailbox0AbortCallback)
    HAL_CAN_TxMailbox0CompleteCallback       0x08001699   Thumb Code     2  stm32f4xx_hal_can.o(i.HAL_CAN_TxMailbox0CompleteCallback)
    HAL_CAN_TxMailbox1AbortCallback          0x0800169b   Thumb Code     2  stm32f4xx_hal_can.o(i.HAL_CAN_TxMailbox1AbortCallback)
    HAL_CAN_TxMailbox1CompleteCallback       0x0800169d   Thumb Code     2  stm32f4xx_hal_can.o(i.HAL_CAN_TxMailbox1CompleteCallback)
    HAL_CAN_TxMailbox2AbortCallback          0x0800169f   Thumb Code     2  stm32f4xx_hal_can.o(i.HAL_CAN_TxMailbox2AbortCallback)
    HAL_CAN_TxMailbox2CompleteCallback       0x080016a1   Thumb Code     2  stm32f4xx_hal_can.o(i.HAL_CAN_TxMailbox2CompleteCallback)
    HAL_CAN_WakeUpFromRxMsgCallback          0x080016a3   Thumb Code     2  stm32f4xx_hal_can.o(i.HAL_CAN_WakeUpFromRxMsgCallback)
    HAL_DMA_Abort                            0x080016a5   Thumb Code   172  stm32f4xx_hal_dma.o(i.HAL_DMA_Abort)
    HAL_DMA_Abort_IT                         0x08001751   Thumb Code    40  stm32f4xx_hal_dma.o(i.HAL_DMA_Abort_IT)
    HAL_DMA_IRQHandler                       0x08001779   Thumb Code   570  stm32f4xx_hal_dma.o(i.HAL_DMA_IRQHandler)
    HAL_DMA_Init                             0x080019b9   Thumb Code   232  stm32f4xx_hal_dma.o(i.HAL_DMA_Init)
    HAL_DMA_Start_IT                         0x08001aa5   Thumb Code   146  stm32f4xx_hal_dma.o(i.HAL_DMA_Start_IT)
    HAL_GPIO_EXTI_Callback                   0x08001b37   Thumb Code     2  stm32f4xx_hal_gpio.o(i.HAL_GPIO_EXTI_Callback)
    HAL_GPIO_EXTI_IRQHandler                 0x08001b39   Thumb Code    24  stm32f4xx_hal_gpio.o(i.HAL_GPIO_EXTI_IRQHandler)
    HAL_GPIO_Init                            0x08001b55   Thumb Code   454  stm32f4xx_hal_gpio.o(i.HAL_GPIO_Init)
    HAL_GPIO_WritePin                        0x08001d49   Thumb Code    12  stm32f4xx_hal_gpio.o(i.HAL_GPIO_WritePin)
    HAL_GetTick                              0x08001d55   Thumb Code     6  stm32f4xx_hal.o(i.HAL_GetTick)
    HAL_IncTick                              0x08001d61   Thumb Code    16  stm32f4xx_hal.o(i.HAL_IncTick)
    HAL_Init                                 0x08001d79   Thumb Code    54  stm32f4xx_hal.o(i.HAL_Init)
    HAL_InitTick                             0x08001db5   Thumb Code   162  stm32f4xx_hal_timebase_tim.o(i.HAL_InitTick)
    HAL_MspInit                              0x08001e69   Thumb Code    78  stm32f4xx_hal_msp.o(i.HAL_MspInit)
    HAL_NVIC_EnableIRQ                       0x08001ebd   Thumb Code    32  stm32f4xx_hal_cortex.o(i.HAL_NVIC_EnableIRQ)
    HAL_NVIC_SetPriority                     0x08001edd   Thumb Code   124  stm32f4xx_hal_cortex.o(i.HAL_NVIC_SetPriority)
    HAL_NVIC_SetPriorityGrouping             0x08001f59   Thumb Code    32  stm32f4xx_hal_cortex.o(i.HAL_NVIC_SetPriorityGrouping)
    HAL_RCC_ClockConfig                      0x08001f81   Thumb Code   368  stm32f4xx_hal_rcc.o(i.HAL_RCC_ClockConfig)
    HAL_RCC_GetClockConfig                   0x08002105   Thumb Code    58  stm32f4xx_hal_rcc.o(i.HAL_RCC_GetClockConfig)
    HAL_RCC_GetHCLKFreq                      0x08002149   Thumb Code     6  stm32f4xx_hal_rcc.o(i.HAL_RCC_GetHCLKFreq)
    HAL_RCC_GetPCLK1Freq                     0x08002155   Thumb Code    22  stm32f4xx_hal_rcc.o(i.HAL_RCC_GetPCLK1Freq)
    HAL_RCC_GetPCLK2Freq                     0x08002175   Thumb Code    22  stm32f4xx_hal_rcc.o(i.HAL_RCC_GetPCLK2Freq)
    HAL_RCC_GetSysClockFreq                  0x08002195   Thumb Code   162  stm32f4xx_hal_rcc.o(i.HAL_RCC_GetSysClockFreq)
    HAL_RCC_OscConfig                        0x08002245   Thumb Code  1172  stm32f4xx_hal_rcc.o(i.HAL_RCC_OscConfig)
    HAL_SPI_Init                             0x080026e1   Thumb Code   200  stm32f4xx_hal_spi.o(i.HAL_SPI_Init)
    HAL_SPI_MspInit                          0x080027a9   Thumb Code   180  spi.o(i.HAL_SPI_MspInit)
    HAL_SPI_TransmitReceive                  0x0800286d   Thumb Code   554  stm32f4xx_hal_spi.o(i.HAL_SPI_TransmitReceive)
    HAL_TIMEx_BreakCallback                  0x08002a97   Thumb Code     2  stm32f4xx_hal_tim_ex.o(i.HAL_TIMEx_BreakCallback)
    HAL_TIMEx_CommutCallback                 0x08002a99   Thumb Code     2  stm32f4xx_hal_tim_ex.o(i.HAL_TIMEx_CommutCallback)
    HAL_TIM_Base_Init                        0x08002a9b   Thumb Code   102  stm32f4xx_hal_tim.o(i.HAL_TIM_Base_Init)
    HAL_TIM_Base_MspInit                     0x08002b01   Thumb Code    44  tim.o(i.HAL_TIM_Base_MspInit)
    HAL_TIM_Base_Start_IT                    0x08002b35   Thumb Code   138  stm32f4xx_hal_tim.o(i.HAL_TIM_Base_Start_IT)
    HAL_TIM_IC_CaptureCallback               0x08002bdd   Thumb Code     2  stm32f4xx_hal_tim.o(i.HAL_TIM_IC_CaptureCallback)
    HAL_TIM_IRQHandler                       0x08002bdf   Thumb Code   406  stm32f4xx_hal_tim.o(i.HAL_TIM_IRQHandler)
    HAL_TIM_MspPostInit                      0x08002d75   Thumb Code    84  tim.o(i.HAL_TIM_MspPostInit)
    HAL_TIM_OC_DelayElapsedCallback          0x08002dd5   Thumb Code     2  stm32f4xx_hal_tim.o(i.HAL_TIM_OC_DelayElapsedCallback)
    HAL_TIM_PWM_ConfigChannel                0x08002dd7   Thumb Code   260  stm32f4xx_hal_tim.o(i.HAL_TIM_PWM_ConfigChannel)
    HAL_TIM_PWM_Init                         0x08002edb   Thumb Code   102  stm32f4xx_hal_tim.o(i.HAL_TIM_PWM_Init)
    HAL_TIM_PWM_MspInit                      0x08002f41   Thumb Code     2  stm32f4xx_hal_tim.o(i.HAL_TIM_PWM_MspInit)
    HAL_TIM_PWM_PulseFinishedCallback        0x08002f43   Thumb Code     2  stm32f4xx_hal_tim.o(i.HAL_TIM_PWM_PulseFinishedCallback)
    HAL_TIM_PeriodElapsedCallback            0x08002f45   Thumb Code    18  main.o(i.HAL_TIM_PeriodElapsedCallback)
    HAL_TIM_TriggerCallback                  0x08002f57   Thumb Code     2  stm32f4xx_hal_tim.o(i.HAL_TIM_TriggerCallback)
    HAL_UARTEx_RxEventCallback               0x08002f59   Thumb Code     2  stm32f4xx_hal_uart.o(i.HAL_UARTEx_RxEventCallback)
    HAL_UART_ErrorCallback                   0x08002f5b   Thumb Code     2  stm32f4xx_hal_uart.o(i.HAL_UART_ErrorCallback)
    HAL_UART_IRQHandler                      0x08002f5d   Thumb Code   732  stm32f4xx_hal_uart.o(i.HAL_UART_IRQHandler)
    HAL_UART_Init                            0x0800323d   Thumb Code   114  stm32f4xx_hal_uart.o(i.HAL_UART_Init)
    HAL_UART_MspInit                         0x080032b1   Thumb Code   632  usart.o(i.HAL_UART_MspInit)
    HAL_UART_RxCpltCallback                  0x0800355d   Thumb Code     2  stm32f4xx_hal_uart.o(i.HAL_UART_RxCpltCallback)
    HAL_UART_Transmit_DMA                    0x08003561   Thumb Code   160  stm32f4xx_hal_uart.o(i.HAL_UART_Transmit_DMA)
    HAL_UART_TxCpltCallback                  0x0800360d   Thumb Code     2  stm32f4xx_hal_uart.o(i.HAL_UART_TxCpltCallback)
    HAL_UART_TxHalfCpltCallback              0x0800360f   Thumb Code     2  stm32f4xx_hal_uart.o(i.HAL_UART_TxHalfCpltCallback)
    HardFault_Handler                        0x08003611   Thumb Code     4  stm32f4xx_it.o(i.HardFault_Handler)
    INSTask                                  0x08003cad   Thumb Code   834  instask.o(i.INSTask)
    MX_CAN1_Init                             0x08004051   Thumb Code    62  can.o(i.MX_CAN1_Init)
    MX_CAN2_Init                             0x08004099   Thumb Code    62  can.o(i.MX_CAN2_Init)
    MX_DMA_Init                              0x080040e1   Thumb Code   114  dma.o(i.MX_DMA_Init)
    MX_FREERTOS_Init                         0x08004159   Thumb Code    30  freertos.o(i.MX_FREERTOS_Init)
    MX_GPIO_Init                             0x08004181   Thumb Code   522  gpio.o(i.MX_GPIO_Init)
    MX_SPI1_Init                             0x080043a5   Thumb Code    60  spi.o(i.MX_SPI1_Init)
    MX_TIM10_Init                            0x080043e9   Thumb Code   100  tim.o(i.MX_TIM10_Init)
    MX_USART1_UART_Init                      0x08004455   Thumb Code    46  usart.o(i.MX_USART1_UART_Init)
    MX_USART3_UART_Init                      0x0800448d   Thumb Code    44  usart.o(i.MX_USART3_UART_Init)
    MX_USART6_UART_Init                      0x080044c5   Thumb Code    46  usart.o(i.MX_USART6_UART_Init)
    MemManage_Handler                        0x080044fd   Thumb Code     4  stm32f4xx_it.o(i.MemManage_Handler)
    NMI_Handler                              0x08004501   Thumb Code     4  stm32f4xx_it.o(i.NMI_Handler)
    PID_Delta_init                           0x08004505   Thumb Code    18  pid.o(i.PID_Delta_init)
    SPI_ReadWriteByte                        0x08004585   Thumb Code    36  myspi.o(i.SPI_ReadWriteByte)
    SysTick_Handler                          0x08004681   Thumb Code    46  port.o(i.SysTick_Handler)
    SystemClock_Config                       0x080046b5   Thumb Code   170  main.o(i.SystemClock_Config)
    SystemInit                               0x08004769   Thumb Code    14  system_stm32f4xx.o(i.SystemInit)
    TIM2_IRQHandler                          0x0800477d   Thumb Code    10  stm32f4xx_it.o(i.TIM2_IRQHandler)
    TIM_Base_SetConfig                       0x0800478d   Thumb Code   170  stm32f4xx_hal_tim.o(i.TIM_Base_SetConfig)
    TIM_OC2_SetConfig                        0x080048d5   Thumb Code   114  stm32f4xx_hal_tim.o(i.TIM_OC2_SetConfig)
    USART1_IRQHandler                        0x08004f1d   Thumb Code    10  stm32f4xx_it.o(i.USART1_IRQHandler)
    USART3_IRQHandler                        0x08004f2d   Thumb Code    10  stm32f4xx_it.o(i.USART3_IRQHandler)
    USART6_IRQHandler                        0x08004f3d   Thumb Code    10  stm32f4xx_it.o(i.USART6_IRQHandler)
    UsageFault_Handler                       0x08004f4d   Thumb Code     4  stm32f4xx_it.o(i.UsageFault_Handler)
    __ARM_fpclassifyf                        0x08004f51   Thumb Code    38  fpclassifyf.o(i.__ARM_fpclassifyf)
    __hardfp_asinf                           0x08004fb1   Thumb Code   258  asinf.o(i.__hardfp_asinf)
    __hardfp_atan2f                          0x080050dd   Thumb Code   502  atan2f.o(i.__hardfp_atan2f)
    __hardfp_sqrtf                           0x0800532d   Thumb Code    58  sqrtf.o(i.__hardfp_sqrtf)
    __mathlib_flt_infnan                     0x08005367   Thumb Code     6  funder.o(i.__mathlib_flt_infnan)
    __mathlib_flt_infnan2                    0x0800536d   Thumb Code     6  funder.o(i.__mathlib_flt_infnan2)
    __mathlib_flt_invalid                    0x08005375   Thumb Code    10  funder.o(i.__mathlib_flt_invalid)
    __mathlib_flt_underflow                  0x08005385   Thumb Code    10  funder.o(i.__mathlib_flt_underflow)
    arm_cos_f32                              0x0800585d   Thumb Code   132  arm_cos_f32.o(i.arm_cos_f32)
    arm_sin_f32                              0x080058ed   Thumb Code   158  arm_sin_f32.o(i.arm_sin_f32)
    bmi088_accel_init                        0x0800599d   Thumb Code   356  bmi088.o(i.bmi088_accel_init)
    bmi088_gyro_init                         0x08005b09   Thumb Code   274  bmi088.o(i.bmi088_gyro_init)
    delay_ms                                 0x08005c21   Thumb Code    24  haltick.o(i.delay_ms)
    delay_us                                 0x08005c39   Thumb Code    24  haltick.o(i.delay_us)
    f_PID_Delta_Calc                         0x08005d59   Thumb Code   204  pid.o(i.f_PID_Delta_Calc)
    get_Motor_Data                           0x08005e29   Thumb Code   164  motor.o(i.get_Motor_Data)
    get_angle                                0x08005ed5   Thumb Code   232  ahrs.o(i.get_angle)
    main                                     0x080061a9   Thumb Code    56  main.o(i.main)
    micros                                   0x080061f1   Thumb Code    36  haltick.o(i.micros)
    myprintf                                 0x08006219   Thumb Code    50  myuart.o(i.myprintf)
    osDelay                                  0x08006255   Thumb Code    24  cmsis_os.o(i.osDelay)
    osDelayUntil                             0x0800626d   Thumb Code    28  cmsis_os.o(i.osDelayUntil)
    osKernelStart                            0x08006289   Thumb Code    10  cmsis_os.o(i.osKernelStart)
    osKernelSysTick                          0x08006293   Thumb Code    20  cmsis_os.o(i.osKernelSysTick)
    osThreadCreate                           0x080062a7   Thumb Code    94  cmsis_os.o(i.osThreadCreate)
    pvPortMalloc                             0x080067a1   Thumb Code   306  heap_4.o(i.pvPortMalloc)
    pxPortInitialiseStack                    0x080068ed   Thumb Code    38  port.o(i.pxPortInitialiseStack)
    sqrtf                                    0x0800699d   Thumb Code    62  sqrtf.o(i.sqrtf)
    uxListRemove                             0x08006a55   Thumb Code    40  list.o(i.uxListRemove)
    vApplicationGetIdleTaskMemory            0x08006a7d   Thumb Code    14  freertos.o(i.vApplicationGetIdleTaskMemory)
    vListInitialise                          0x08006a95   Thumb Code    26  list.o(i.vListInitialise)
    vListInitialiseItem                      0x08006aaf   Thumb Code     6  list.o(i.vListInitialiseItem)
    vListInsert                              0x08006ab5   Thumb Code    52  list.o(i.vListInsert)
    vListInsertEnd                           0x08006ae9   Thumb Code    24  list.o(i.vListInsertEnd)
    vPortEnterCritical                       0x08006b01   Thumb Code    76  port.o(i.vPortEnterCritical)
    vPortExitCritical                        0x08006b55   Thumb Code    56  port.o(i.vPortExitCritical)
    vPortFree                                0x08006b91   Thumb Code   150  heap_4.o(i.vPortFree)
    vPortSetupTimerInterrupt                 0x08006c35   Thumb Code    36  port.o(i.vPortSetupTimerInterrupt)
    vPortValidateInterruptPriority           0x08006c5d   Thumb Code   106  port.o(i.vPortValidateInterruptPriority)
    vTaskDelay                               0x08006cd5   Thumb Code    82  tasks.o(i.vTaskDelay)
    vTaskDelayUntil                          0x08006d31   Thumb Code   200  tasks.o(i.vTaskDelayUntil)
    vTaskStartScheduler                      0x08006e05   Thumb Code   146  tasks.o(i.vTaskStartScheduler)
    vTaskSuspendAll                          0x08006eb5   Thumb Code    12  tasks.o(i.vTaskSuspendAll)
    vTaskSwitchContext                       0x08006ec5   Thumb Code   118  tasks.o(i.vTaskSwitchContext)
    xPortStartScheduler                      0x08006f51   Thumb Code   330  port.o(i.xPortStartScheduler)
    xTaskCreate                              0x080070b9   Thumb Code   100  tasks.o(i.xTaskCreate)
    xTaskCreateStatic                        0x0800711d   Thumb Code   186  tasks.o(i.xTaskCreateStatic)
    xTaskGetTickCount                        0x080071d9   Thumb Code     6  tasks.o(i.xTaskGetTickCount)
    xTaskGetTickCountFromISR                 0x080071e5   Thumb Code    16  tasks.o(i.xTaskGetTickCountFromISR)
    xTaskIncrementTick                       0x080071f9   Thumb Code   282  tasks.o(i.xTaskIncrementTick)
    xTaskResumeAll                           0x08007341   Thumb Code   224  tasks.o(i.xTaskResumeAll)
    _fp_init                                 0x08007445   Thumb Code    10  fpinit.o(x$fpl$fpinit)
    __fplib_config_fpu_vfp                   0x0800744d   Thumb Code     0  fpinit.o(x$fpl$fpinit)
    __fplib_config_pureend_doubles           0x0800744d   Thumb Code     0  fpinit.o(x$fpl$fpinit)
    __I$use$fp                               0x0800744e   Number         0  usenofp.o(x$fpl$usenofp)
    AHBPrescTable                            0x08007478   Data          16  system_stm32f4xx.o(.constdata)
    APBPrescTable                            0x08007488   Data           8  system_stm32f4xx.o(.constdata)
    sinTable_f32                             0x080074b0   Data        2052  arm_common_tables.o(.rodata.sinTable_f32)
    Region$$Table$$Base                      0x08007cb4   Number         0  anon$$obj.o(Region$$Table)
    Region$$Table$$Limit                     0x08007cd4   Number         0  anon$$obj.o(Region$$Table)
    eff_x                                    0x20000004   Data           4  instask.o(.data)
    eff_y                                    0x20000008   Data           4  instask.o(.data)
    eff_z                                    0x2000000c   Data           4  instask.o(.data)
    gyro_scale_factor                        0x20000010   Data          36  instask.o(.data)
    accel_scale_factor                       0x20000034   Data          36  instask.o(.data)
    mag_scale_factor                         0x20000058   Data          36  instask.o(.data)
    Eff                                      0x2000007c   Data         320  instask.o(.data)
    Q_                                       0x200001bc   Data           4  instask.o(.data)
    R_                                       0x200001c0   Data           4  instask.o(.data)
    haltick                                  0x200001c8   Data           4  haltick.o(.data)
    BMI088_ACCEL_SEN                         0x200001cc   Data           4  bmi088.o(.data)
    BMI088_GYRO_SEN                          0x200001d0   Data           4  bmi088.o(.data)
    Gimbal                                   0x200001f8   Data          48  motor.o(.data)
    myINSTaskHandle                          0x20000238   Data           4  freertos.o(.data)
    SystemCoreClock                          0x20000240   Data           4  system_stm32f4xx.o(.data)
    pxCurrentTCB                             0x20000244   Data           4  tasks.o(.data)
    uwTick                                   0x200002ac   Data           4  stm32f4xx_hal.o(.data)
    uwTickPrio                               0x200002b0   Data           4  stm32f4xx_hal.o(.data)
    uwTickFreq                               0x200002b4   Data           1  stm32f4xx_hal.o(.data)
    Imu                                      0x200002c8   Data          36  instask.o(.bss)
    INS_gyro                                 0x20000318   Data          12  instask.o(.bss)
    INS_accel                                0x20000324   Data          12  instask.o(.bss)
    INS_mag                                  0x20000330   Data          12  instask.o(.bss)
    INS_quat                                 0x2000033c   Data          16  instask.o(.bss)
    INS_angle                                0x2000034c   Data          12  instask.o(.bss)
    gyro_offset                              0x20000358   Data          12  instask.o(.bss)
    gyro_cali_offset                         0x20000364   Data          12  instask.o(.bss)
    accel_offset                             0x20000370   Data          12  instask.o(.bss)
    accel_cali_offset                        0x2000037c   Data          12  instask.o(.bss)
    mag_offset                               0x20000388   Data          12  instask.o(.bss)
    mag_cali_offset                          0x20000394   Data          12  instask.o(.bss)
    mygetqval                                0x200003c4   Data          36  instask.o(.bss)
    BMI088_read_data                         0x200003e8   Data          36  instask.o(.bss)
    bmi088_real_data                         0x2000040c   Data          36  instask.o(.bss)
    ist8310_real_data                        0x20000430   Data          16  instask.o(.bss)
    kalman                                   0x20000440   Data         120  instask.o(.bss)
    BMI088_FIFO                              0x200004b8   Data        2424  instask.o(.bss)
    hcanRxFrame                              0x20000e30   Data          36  mycan.o(.bss)
    rc_ctrl                                  0x20000e54   Data          24  myuart.o(.bss)
    Presentline                              0x20000e6c   Data          12  myuart.o(.bss)
    SBUS_rx_buf                              0x20000e78   Data          72  myuart.o(.bss)
    UART1_TX_BUF                             0x20000ec0   Data           9  myuart.o(.bss)
    UART1_RX_BUF                             0x20000ec9   Data          28  myuart.o(.bss)
    mpu_data                                 0x20000ee8   Data          36  bmi088.o(.bss)
    hcan1                                    0x20001160   Data          40  can.o(.bss)
    hcan2                                    0x20001188   Data          40  can.o(.bss)
    hspi1                                    0x200011b0   Data          88  spi.o(.bss)
    htim10                                   0x20001208   Data          72  tim.o(.bss)
    huart1                                   0x20001250   Data          68  usart.o(.bss)
    huart3                                   0x20001294   Data          68  usart.o(.bss)
    huart6                                   0x200012d8   Data          68  usart.o(.bss)
    hdma_usart1_tx                           0x2000131c   Data          96  usart.o(.bss)
    hdma_usart3_rx                           0x2000137c   Data          96  usart.o(.bss)
    hdma_usart6_tx                           0x200013dc   Data          96  usart.o(.bss)
    htim2                                    0x2000143c   Data          72  stm32f4xx_hal_timebase_tim.o(.bss)
    __libspace_start                         0x20005174   Data          96  libspace.o(.bss)
    __temporary_stack_top$libspace           0x200051d4   Data           0  libspace.o(.bss)



==============================================================================

Memory Map of the image

  Image Entry point : 0x08000189

  Load Region LR_IROM1 (Base: 0x08000000, Size: 0x00007f9c, Max: 0x00100000, ABSOLUTE, COMPRESSED[0x00007e2c])

    Execution Region ER_IROM1 (Exec base: 0x08000000, Load base: 0x08000000, Size: 0x00007cd4, Max: 0x00100000, ABSOLUTE)

    Exec Addr    Load Addr    Size         Type   Attr      Idx    E Section Name        Object

    0x08000000   0x08000000   0x00000188   Data   RO         1778    RESET               startup_stm32f407xx.o
    0x08000188   0x08000188   0x00000008   Code   RO         6544  * !!!main             c_w.l(__main.o)
    0x08000190   0x08000190   0x00000034   Code   RO         6860    !!!scatter          c_w.l(__scatter.o)
    0x080001c4   0x080001c4   0x0000005a   Code   RO         6858    !!dczerorl2         c_w.l(__dczerorl2.o)
    0x0800021e   0x0800021e   0x00000002   PAD
    0x08000220   0x08000220   0x0000001c   Code   RO         6862    !!handler_zi        c_w.l(__scatter_zi.o)
    0x0800023c   0x0800023c   0x00000002   Code   RO         6731    .ARM.Collect$$libinit$$00000000  c_w.l(libinit.o)
    0x0800023e   0x0800023e   0x00000004   Code   RO         6740    .ARM.Collect$$libinit$$00000001  c_w.l(libinit2.o)
    0x08000242   0x08000242   0x00000000   Code   RO         6743    .ARM.Collect$$libinit$$00000004  c_w.l(libinit2.o)
    0x08000242   0x08000242   0x00000000   Code   RO         6746    .ARM.Collect$$libinit$$0000000A  c_w.l(libinit2.o)
    0x08000242   0x08000242   0x00000000   Code   RO         6748    .ARM.Collect$$libinit$$0000000C  c_w.l(libinit2.o)
    0x08000242   0x08000242   0x00000000   Code   RO         6750    .ARM.Collect$$libinit$$0000000E  c_w.l(libinit2.o)
    0x08000242   0x08000242   0x00000000   Code   RO         6753    .ARM.Collect$$libinit$$00000011  c_w.l(libinit2.o)
    0x08000242   0x08000242   0x00000000   Code   RO         6755    .ARM.Collect$$libinit$$00000013  c_w.l(libinit2.o)
    0x08000242   0x08000242   0x00000000   Code   RO         6757    .ARM.Collect$$libinit$$00000015  c_w.l(libinit2.o)
    0x08000242   0x08000242   0x00000000   Code   RO         6759    .ARM.Collect$$libinit$$00000017  c_w.l(libinit2.o)
    0x08000242   0x08000242   0x00000000   Code   RO         6761    .ARM.Collect$$libinit$$00000019  c_w.l(libinit2.o)
    0x08000242   0x08000242   0x00000000   Code   RO         6763    .ARM.Collect$$libinit$$0000001B  c_w.l(libinit2.o)
    0x08000242   0x08000242   0x00000000   Code   RO         6765    .ARM.Collect$$libinit$$0000001D  c_w.l(libinit2.o)
    0x08000242   0x08000242   0x00000000   Code   RO         6767    .ARM.Collect$$libinit$$0000001F  c_w.l(libinit2.o)
    0x08000242   0x08000242   0x00000000   Code   RO         6769    .ARM.Collect$$libinit$$00000021  c_w.l(libinit2.o)
    0x08000242   0x08000242   0x00000000   Code   RO         6771    .ARM.Collect$$libinit$$00000023  c_w.l(libinit2.o)
    0x08000242   0x08000242   0x00000000   Code   RO         6773    .ARM.Collect$$libinit$$00000025  c_w.l(libinit2.o)
    0x08000242   0x08000242   0x00000000   Code   RO         6777    .ARM.Collect$$libinit$$0000002C  c_w.l(libinit2.o)
    0x08000242   0x08000242   0x00000000   Code   RO         6779    .ARM.Collect$$libinit$$0000002E  c_w.l(libinit2.o)
    0x08000242   0x08000242   0x00000000   Code   RO         6781    .ARM.Collect$$libinit$$00000030  c_w.l(libinit2.o)
    0x08000242   0x08000242   0x00000000   Code   RO         6783    .ARM.Collect$$libinit$$00000032  c_w.l(libinit2.o)
    0x08000242   0x08000242   0x00000002   Code   RO         6784    .ARM.Collect$$libinit$$00000033  c_w.l(libinit2.o)
    0x08000244   0x08000244   0x00000002   Code   RO         6815    .ARM.Collect$$libshutdown$$00000000  c_w.l(libshutdown.o)
    0x08000246   0x08000246   0x00000000   Code   RO         6841    .ARM.Collect$$libshutdown$$00000002  c_w.l(libshutdown2.o)
    0x08000246   0x08000246   0x00000000   Code   RO         6843    .ARM.Collect$$libshutdown$$00000004  c_w.l(libshutdown2.o)
    0x08000246   0x08000246   0x00000000   Code   RO         6846    .ARM.Collect$$libshutdown$$00000007  c_w.l(libshutdown2.o)
    0x08000246   0x08000246   0x00000000   Code   RO         6849    .ARM.Collect$$libshutdown$$0000000A  c_w.l(libshutdown2.o)
    0x08000246   0x08000246   0x00000000   Code   RO         6851    .ARM.Collect$$libshutdown$$0000000C  c_w.l(libshutdown2.o)
    0x08000246   0x08000246   0x00000000   Code   RO         6854    .ARM.Collect$$libshutdown$$0000000F  c_w.l(libshutdown2.o)
    0x08000246   0x08000246   0x00000002   Code   RO         6855    .ARM.Collect$$libshutdown$$00000010  c_w.l(libshutdown2.o)
    0x08000248   0x08000248   0x00000000   Code   RO         6642    .ARM.Collect$$rtentry$$00000000  c_w.l(__rtentry.o)
    0x08000248   0x08000248   0x00000000   Code   RO         6690    .ARM.Collect$$rtentry$$00000002  c_w.l(__rtentry2.o)
    0x08000248   0x08000248   0x00000006   Code   RO         6702    .ARM.Collect$$rtentry$$00000004  c_w.l(__rtentry4.o)
    0x0800024e   0x0800024e   0x00000000   Code   RO         6692    .ARM.Collect$$rtentry$$00000009  c_w.l(__rtentry2.o)
    0x0800024e   0x0800024e   0x00000004   Code   RO         6693    .ARM.Collect$$rtentry$$0000000A  c_w.l(__rtentry2.o)
    0x08000252   0x08000252   0x00000000   Code   RO         6695    .ARM.Collect$$rtentry$$0000000C  c_w.l(__rtentry2.o)
    0x08000252   0x08000252   0x00000008   Code   RO         6696    .ARM.Collect$$rtentry$$0000000D  c_w.l(__rtentry2.o)
    0x0800025a   0x0800025a   0x00000002   Code   RO         6732    .ARM.Collect$$rtexit$$00000000  c_w.l(rtexit.o)
    0x0800025c   0x0800025c   0x00000000   Code   RO         6788    .ARM.Collect$$rtexit$$00000002  c_w.l(rtexit2.o)
    0x0800025c   0x0800025c   0x00000004   Code   RO         6789    .ARM.Collect$$rtexit$$00000003  c_w.l(rtexit2.o)
    0x08000260   0x08000260   0x00000006   Code   RO         6790    .ARM.Collect$$rtexit$$00000004  c_w.l(rtexit2.o)
    0x08000266   0x08000266   0x00000002   PAD
    0x08000268   0x08000268   0x000000be   Code   RO         3119    .emb_text           port.o
    0x08000326   0x08000326   0x00000002   PAD
    0x08000328   0x08000328   0x00000040   Code   RO         1779    .text               startup_stm32f407xx.o
    0x08000368   0x08000368   0x000000ee   Code   RO         6528    .text               c_w.l(lludivv7m.o)
    0x08000456   0x08000456   0x00000064   Code   RO         6534    .text               c_w.l(rt_memcpy_w.o)
    0x080004ba   0x080004ba   0x00000010   Code   RO         6538    .text               c_w.l(aeabi_memset.o)
    0x080004ca   0x080004ca   0x0000004e   Code   RO         6540    .text               c_w.l(rt_memclr_w.o)
    0x08000518   0x08000518   0x00000006   Code   RO         6542    .text               c_w.l(heapauxi.o)
    0x0800051e   0x0800051e   0x00000016   Code   RO         6647    .text               c_w.l(_rserrno.o)
    0x08000534   0x08000534   0x00000044   Code   RO         6649    .text               c_w.l(rt_memclr.o)
    0x08000578   0x08000578   0x00000008   Code   RO         6709    .text               c_w.l(rt_errno_addr_intlibspace.o)
    0x08000580   0x08000580   0x00000008   Code   RO         6715    .text               c_w.l(libspace.o)
    0x08000588   0x08000588   0x0000004a   Code   RO         6718    .text               c_w.l(sys_stackheap_outer.o)
    0x080005d2   0x080005d2   0x00000012   Code   RO         6720    .text               c_w.l(exit.o)
    0x080005e4   0x080005e4   0x0000000c   Code   RO         6785    .text               c_w.l(sys_exit.o)
    0x080005f0   0x080005f0   0x00000002   Code   RO         6804    .text               c_w.l(use_no_semi.o)
    0x080005f2   0x080005f2   0x00000000   Code   RO         6806    .text               c_w.l(indicate_semi.o)
    0x080005f2   0x080005f2   0x00000018   Code   RO         1090    i.AHRS_asinf        ahrs_middleware.o
    0x0800060a   0x0800060a   0x00000020   Code   RO         1091    i.AHRS_atan2f       ahrs_middleware.o
    0x0800062a   0x0800062a   0x00000018   Code   RO         1092    i.AHRS_cosf         ahrs_middleware.o
    0x08000642   0x08000642   0x0000001a   Code   RO         6285    i.AHRS_fabs         AHRS.lib(ahrs.o)
    0x0800065c   0x0800065c   0x00000010   Code   RO         1093    i.AHRS_get_height   ahrs_middleware.o
    0x0800066c   0x0800066c   0x0000000c   Code   RO         1094    i.AHRS_get_latitude  ahrs_middleware.o
    0x08000678   0x08000678   0x0000029c   Code   RO         6286    i.AHRS_init         AHRS.lib(ahrs.o)
    0x08000914   0x08000914   0x00000024   Code   RO         1095    i.AHRS_invSqrt      ahrs_middleware.o
    0x08000938   0x08000938   0x00000018   Code   RO         1096    i.AHRS_sinf         ahrs_middleware.o
    0x08000950   0x08000950   0x0000013a   Code   RO         6287    i.AHRS_update       AHRS.lib(ahrs.o)
    0x08000a8a   0x08000a8a   0x00000002   PAD
    0x08000a8c   0x08000a8c   0x00000014   Code   RO          538    i.BMI088_ACCEL_NS_H  bmi088.o
    0x08000aa0   0x08000aa0   0x00000014   Code   RO          539    i.BMI088_ACCEL_NS_L  bmi088.o
    0x08000ab4   0x08000ab4   0x00000014   Code   RO          540    i.BMI088_GYRO_NS_H  bmi088.o
    0x08000ac8   0x08000ac8   0x00000014   Code   RO          541    i.BMI088_GYRO_NS_L  bmi088.o
    0x08000adc   0x08000adc   0x00000024   Code   RO          542    i.BMI088_Offset_Cali  bmi088.o
    0x08000b00   0x08000b00   0x0000001e   Code   RO          543    i.BMI088_init       bmi088.o
    0x08000b1e   0x08000b1e   0x00000002   PAD
    0x08000b20   0x08000b20   0x0000020c   Code   RO          544    i.BMI088_read       bmi088.o
    0x08000d2c   0x08000d2c   0x00000030   Code   RO          545    i.BMI088_read_muli_reg  bmi088.o
    0x08000d5c   0x08000d5c   0x00000020   Code   RO          546    i.BMI088_read_single_reg  bmi088.o
    0x08000d7c   0x08000d7c   0x0000001c   Code   RO          547    i.BMI088_write_single_reg  bmi088.o
    0x08000d98   0x08000d98   0x00000004   Code   RO         1574    i.BusFault_Handler  stm32f4xx_it.o
    0x08000d9c   0x08000d9c   0x00000010   Code   RO         1575    i.CAN1_RX0_IRQHandler  stm32f4xx_it.o
    0x08000dac   0x08000dac   0x00000010   Code   RO         1576    i.CAN1_TX_IRQHandler  stm32f4xx_it.o
    0x08000dbc   0x08000dbc   0x00000018   Code   RO          284    i.CAN1_rxDataHandler  mycan.o
    0x08000dd4   0x08000dd4   0x00000010   Code   RO         1577    i.CAN2_RX0_IRQHandler  stm32f4xx_it.o
    0x08000de4   0x08000de4   0x00000010   Code   RO         1578    i.CAN2_TX_IRQHandler  stm32f4xx_it.o
    0x08000df4   0x08000df4   0x00000018   Code   RO          285    i.CAN2_rxDataHandler  mycan.o
    0x08000e0c   0x08000e0c   0x00000010   Code   RO         1579    i.DMA1_Stream1_IRQHandler  stm32f4xx_it.o
    0x08000e1c   0x08000e1c   0x00000010   Code   RO         1580    i.DMA2_Stream6_IRQHandler  stm32f4xx_it.o
    0x08000e2c   0x08000e2c   0x00000010   Code   RO         1581    i.DMA2_Stream7_IRQHandler  stm32f4xx_it.o
    0x08000e3c   0x08000e3c   0x00000034   Code   RO         3937    i.DMA_CalcBaseAndBitshift  stm32f4xx_hal_dma.o
    0x08000e70   0x08000e70   0x000000aa   Code   RO         3938    i.DMA_CheckFifoParam  stm32f4xx_hal_dma.o
    0x08000f1a   0x08000f1a   0x0000002c   Code   RO         3939    i.DMA_SetConfig     stm32f4xx_hal_dma.o
    0x08000f46   0x08000f46   0x00000002   Code   RO         1582    i.DebugMon_Handler  stm32f4xx_it.o
    0x08000f48   0x08000f48   0x0000000a   Code   RO         1583    i.EXTI3_IRQHandler  stm32f4xx_it.o
    0x08000f52   0x08000f52   0x0000000a   Code   RO         1584    i.EXTI4_IRQHandler  stm32f4xx_it.o
    0x08000f5c   0x08000f5c   0x00000016   Code   RO         1585    i.EXTI9_5_IRQHandler  stm32f4xx_it.o
    0x08000f72   0x08000f72   0x00000006   Code   RO         1240    i.Error_Handler     main.o
    0x08000f78   0x08000f78   0x00000002   Code   RO         3205    i.HAL_CAN_ErrorCallback  stm32f4xx_hal_can.o
    0x08000f7a   0x08000f7a   0x0000017a   Code   RO         3208    i.HAL_CAN_GetRxMessage  stm32f4xx_hal_can.o
    0x080010f4   0x080010f4   0x0000024e   Code   RO         3212    i.HAL_CAN_IRQHandler  stm32f4xx_hal_can.o
    0x08001342   0x08001342   0x00000174   Code   RO         3213    i.HAL_CAN_Init      stm32f4xx_hal_can.o
    0x080014b6   0x080014b6   0x00000002   PAD
    0x080014b8   0x080014b8   0x00000180   Code   RO         1358    i.HAL_CAN_MspInit   can.o
    0x08001638   0x08001638   0x00000002   Code   RO         3220    i.HAL_CAN_RxFifo0FullCallback  stm32f4xx_hal_can.o
    0x0800163a   0x0800163a   0x00000002   PAD
    0x0800163c   0x0800163c   0x00000054   Code   RO          287    i.HAL_CAN_RxFifo0MsgPendingCallback  mycan.o
    0x08001690   0x08001690   0x00000002   Code   RO         3222    i.HAL_CAN_RxFifo1FullCallback  stm32f4xx_hal_can.o
    0x08001692   0x08001692   0x00000002   Code   RO         3223    i.HAL_CAN_RxFifo1MsgPendingCallback  stm32f4xx_hal_can.o
    0x08001694   0x08001694   0x00000002   Code   RO         3224    i.HAL_CAN_SleepCallback  stm32f4xx_hal_can.o
    0x08001696   0x08001696   0x00000002   Code   RO         3227    i.HAL_CAN_TxMailbox0AbortCallback  stm32f4xx_hal_can.o
    0x08001698   0x08001698   0x00000002   Code   RO         3228    i.HAL_CAN_TxMailbox0CompleteCallback  stm32f4xx_hal_can.o
    0x0800169a   0x0800169a   0x00000002   Code   RO         3229    i.HAL_CAN_TxMailbox1AbortCallback  stm32f4xx_hal_can.o
    0x0800169c   0x0800169c   0x00000002   Code   RO         3230    i.HAL_CAN_TxMailbox1CompleteCallback  stm32f4xx_hal_can.o
    0x0800169e   0x0800169e   0x00000002   Code   RO         3231    i.HAL_CAN_TxMailbox2AbortCallback  stm32f4xx_hal_can.o
    0x080016a0   0x080016a0   0x00000002   Code   RO         3232    i.HAL_CAN_TxMailbox2CompleteCallback  stm32f4xx_hal_can.o
    0x080016a2   0x080016a2   0x00000002   Code   RO         3234    i.HAL_CAN_WakeUpFromRxMsgCallback  stm32f4xx_hal_can.o
    0x080016a4   0x080016a4   0x000000ac   Code   RO         3940    i.HAL_DMA_Abort     stm32f4xx_hal_dma.o
    0x08001750   0x08001750   0x00000028   Code   RO         3941    i.HAL_DMA_Abort_IT  stm32f4xx_hal_dma.o
    0x08001778   0x08001778   0x00000240   Code   RO         3945    i.HAL_DMA_IRQHandler  stm32f4xx_hal_dma.o
    0x080019b8   0x080019b8   0x000000ec   Code   RO         3946    i.HAL_DMA_Init      stm32f4xx_hal_dma.o
    0x08001aa4   0x08001aa4   0x00000092   Code   RO         3950    i.HAL_DMA_Start_IT  stm32f4xx_hal_dma.o
    0x08001b36   0x08001b36   0x00000002   Code   RO         3831    i.HAL_GPIO_EXTI_Callback  stm32f4xx_hal_gpio.o
    0x08001b38   0x08001b38   0x0000001c   Code   RO         3832    i.HAL_GPIO_EXTI_IRQHandler  stm32f4xx_hal_gpio.o
    0x08001b54   0x08001b54   0x000001f4   Code   RO         3833    i.HAL_GPIO_Init     stm32f4xx_hal_gpio.o
    0x08001d48   0x08001d48   0x0000000c   Code   RO         3837    i.HAL_GPIO_WritePin  stm32f4xx_hal_gpio.o
    0x08001d54   0x08001d54   0x0000000c   Code   RO         4370    i.HAL_GetTick       stm32f4xx_hal.o
    0x08001d60   0x08001d60   0x00000018   Code   RO         4376    i.HAL_IncTick       stm32f4xx_hal.o
    0x08001d78   0x08001d78   0x0000003c   Code   RO         4377    i.HAL_Init          stm32f4xx_hal.o
    0x08001db4   0x08001db4   0x000000b4   Code   RO         1740    i.HAL_InitTick      stm32f4xx_hal_timebase_tim.o
    0x08001e68   0x08001e68   0x00000054   Code   RO         1716    i.HAL_MspInit       stm32f4xx_hal_msp.o
    0x08001ebc   0x08001ebc   0x00000020   Code   RO         4222    i.HAL_NVIC_EnableIRQ  stm32f4xx_hal_cortex.o
    0x08001edc   0x08001edc   0x0000007c   Code   RO         4228    i.HAL_NVIC_SetPriority  stm32f4xx_hal_cortex.o
    0x08001f58   0x08001f58   0x00000028   Code   RO         4229    i.HAL_NVIC_SetPriorityGrouping  stm32f4xx_hal_cortex.o
    0x08001f80   0x08001f80   0x00000184   Code   RO         3434    i.HAL_RCC_ClockConfig  stm32f4xx_hal_rcc.o
    0x08002104   0x08002104   0x00000044   Code   RO         3438    i.HAL_RCC_GetClockConfig  stm32f4xx_hal_rcc.o
    0x08002148   0x08002148   0x0000000c   Code   RO         3439    i.HAL_RCC_GetHCLKFreq  stm32f4xx_hal_rcc.o
    0x08002154   0x08002154   0x00000020   Code   RO         3441    i.HAL_RCC_GetPCLK1Freq  stm32f4xx_hal_rcc.o
    0x08002174   0x08002174   0x00000020   Code   RO         3442    i.HAL_RCC_GetPCLK2Freq  stm32f4xx_hal_rcc.o
    0x08002194   0x08002194   0x000000b0   Code   RO         3443    i.HAL_RCC_GetSysClockFreq  stm32f4xx_hal_rcc.o
    0x08002244   0x08002244   0x0000049c   Code   RO         3446    i.HAL_RCC_OscConfig  stm32f4xx_hal_rcc.o
    0x080026e0   0x080026e0   0x000000c8   Code   RO         4626    i.HAL_SPI_Init      stm32f4xx_hal_spi.o
    0x080027a8   0x080027a8   0x000000c4   Code   RO         1431    i.HAL_SPI_MspInit   spi.o
    0x0800286c   0x0800286c   0x0000022a   Code   RO         4635    i.HAL_SPI_TransmitReceive  stm32f4xx_hal_spi.o
    0x08002a96   0x08002a96   0x00000002   Code   RO         5654    i.HAL_TIMEx_BreakCallback  stm32f4xx_hal_tim_ex.o
    0x08002a98   0x08002a98   0x00000002   Code   RO         5655    i.HAL_TIMEx_CommutCallback  stm32f4xx_hal_tim_ex.o
    0x08002a9a   0x08002a9a   0x00000066   Code   RO         4939    i.HAL_TIM_Base_Init  stm32f4xx_hal_tim.o
    0x08002b00   0x08002b00   0x00000034   Code   RO         1473    i.HAL_TIM_Base_MspInit  tim.o
    0x08002b34   0x08002b34   0x000000a8   Code   RO         4944    i.HAL_TIM_Base_Start_IT  stm32f4xx_hal_tim.o
    0x08002bdc   0x08002bdc   0x00000002   Code   RO         4973    i.HAL_TIM_IC_CaptureCallback  stm32f4xx_hal_tim.o
    0x08002bde   0x08002bde   0x00000196   Code   RO         4987    i.HAL_TIM_IRQHandler  stm32f4xx_hal_tim.o
    0x08002d74   0x08002d74   0x00000060   Code   RO         1474    i.HAL_TIM_MspPostInit  tim.o
    0x08002dd4   0x08002dd4   0x00000002   Code   RO         4990    i.HAL_TIM_OC_DelayElapsedCallback  stm32f4xx_hal_tim.o
    0x08002dd6   0x08002dd6   0x00000104   Code   RO         5011    i.HAL_TIM_PWM_ConfigChannel  stm32f4xx_hal_tim.o
    0x08002eda   0x08002eda   0x00000066   Code   RO         5014    i.HAL_TIM_PWM_Init  stm32f4xx_hal_tim.o
    0x08002f40   0x08002f40   0x00000002   Code   RO         5016    i.HAL_TIM_PWM_MspInit  stm32f4xx_hal_tim.o
    0x08002f42   0x08002f42   0x00000002   Code   RO         5017    i.HAL_TIM_PWM_PulseFinishedCallback  stm32f4xx_hal_tim.o
    0x08002f44   0x08002f44   0x00000012   Code   RO         1241    i.HAL_TIM_PeriodElapsedCallback  main.o
    0x08002f56   0x08002f56   0x00000002   Code   RO         5030    i.HAL_TIM_TriggerCallback  stm32f4xx_hal_tim.o
    0x08002f58   0x08002f58   0x00000002   Code   RO         5932    i.HAL_UARTEx_RxEventCallback  stm32f4xx_hal_uart.o
    0x08002f5a   0x08002f5a   0x00000002   Code   RO         5946    i.HAL_UART_ErrorCallback  stm32f4xx_hal_uart.o
    0x08002f5c   0x08002f5c   0x000002e0   Code   RO         5949    i.HAL_UART_IRQHandler  stm32f4xx_hal_uart.o
    0x0800323c   0x0800323c   0x00000072   Code   RO         5950    i.HAL_UART_Init     stm32f4xx_hal_uart.o
    0x080032ae   0x080032ae   0x00000002   PAD
    0x080032b0   0x080032b0   0x000002ac   Code   RO         1521    i.HAL_UART_MspInit  usart.o
    0x0800355c   0x0800355c   0x00000002   Code   RO         5956    i.HAL_UART_RxCpltCallback  stm32f4xx_hal_uart.o
    0x0800355e   0x0800355e   0x00000002   PAD
    0x08003560   0x08003560   0x000000ac   Code   RO         5959    i.HAL_UART_Transmit_DMA  stm32f4xx_hal_uart.o
    0x0800360c   0x0800360c   0x00000002   Code   RO         5961    i.HAL_UART_TxCpltCallback  stm32f4xx_hal_uart.o
    0x0800360e   0x0800360e   0x00000002   Code   RO         5962    i.HAL_UART_TxHalfCpltCallback  stm32f4xx_hal_uart.o
    0x08003610   0x08003610   0x00000004   Code   RO         1586    i.HardFault_Handler  stm32f4xx_it.o
    0x08003614   0x08003614   0x00000698   Code   RO            4    i.IMU_getValues     instask.o
    0x08003cac   0x08003cac   0x000003a4   Code   RO            5    i.INSTask           instask.o
    0x08004050   0x08004050   0x00000048   Code   RO         1359    i.MX_CAN1_Init      can.o
    0x08004098   0x08004098   0x00000048   Code   RO         1360    i.MX_CAN2_Init      can.o
    0x080040e0   0x080040e0   0x00000078   Code   RO         1406    i.MX_DMA_Init       dma.o
    0x08004158   0x08004158   0x00000028   Code   RO         1316    i.MX_FREERTOS_Init  freertos.o
    0x08004180   0x08004180   0x00000224   Code   RO         1291    i.MX_GPIO_Init      gpio.o
    0x080043a4   0x080043a4   0x00000044   Code   RO         1432    i.MX_SPI1_Init      spi.o
    0x080043e8   0x080043e8   0x0000006c   Code   RO         1475    i.MX_TIM10_Init     tim.o
    0x08004454   0x08004454   0x00000038   Code   RO         1522    i.MX_USART1_UART_Init  usart.o
    0x0800448c   0x0800448c   0x00000038   Code   RO         1523    i.MX_USART3_UART_Init  usart.o
    0x080044c4   0x080044c4   0x00000038   Code   RO         1524    i.MX_USART6_UART_Init  usart.o
    0x080044fc   0x080044fc   0x00000004   Code   RO         1587    i.MemManage_Handler  stm32f4xx_it.o
    0x08004500   0x08004500   0x00000004   Code   RO         1588    i.NMI_Handler       stm32f4xx_it.o
    0x08004504   0x08004504   0x00000012   Code   RO          799    i.PID_Delta_init    pid.o
    0x08004516   0x08004516   0x00000002   PAD
    0x08004518   0x08004518   0x0000006c   Code   RO         4664    i.SPI_EndRxTxTransaction  stm32f4xx_hal_spi.o
    0x08004584   0x08004584   0x00000024   Code   RO          421    i.SPI_ReadWriteByte  myspi.o
    0x080045a8   0x080045a8   0x000000d8   Code   RO         4669    i.SPI_WaitFlagStateUntilTimeout  stm32f4xx_hal_spi.o
    0x08004680   0x08004680   0x00000034   Code   RO         3120    i.SysTick_Handler   port.o
    0x080046b4   0x080046b4   0x000000b4   Code   RO         1242    i.SystemClock_Config  main.o
    0x08004768   0x08004768   0x00000014   Code   RO         1787    i.SystemInit        system_stm32f4xx.o
    0x0800477c   0x0800477c   0x00000010   Code   RO         1589    i.TIM2_IRQHandler   stm32f4xx_it.o
    0x0800478c   0x0800478c   0x000000d8   Code   RO         5032    i.TIM_Base_SetConfig  stm32f4xx_hal_tim.o
    0x08004864   0x08004864   0x00000070   Code   RO         5045    i.TIM_OC1_SetConfig  stm32f4xx_hal_tim.o
    0x080048d4   0x080048d4   0x0000007c   Code   RO         5046    i.TIM_OC2_SetConfig  stm32f4xx_hal_tim.o
    0x08004950   0x08004950   0x00000078   Code   RO         5047    i.TIM_OC3_SetConfig  stm32f4xx_hal_tim.o
    0x080049c8   0x080049c8   0x00000054   Code   RO         5048    i.TIM_OC4_SetConfig  stm32f4xx_hal_tim.o
    0x08004a1c   0x08004a1c   0x00000014   Code   RO         5963    i.UART_DMAAbortOnError  stm32f4xx_hal_uart.o
    0x08004a30   0x08004a30   0x00000050   Code   RO         5964    i.UART_DMAError     stm32f4xx_hal_uart.o
    0x08004a80   0x08004a80   0x00000058   Code   RO         5969    i.UART_DMATransmitCplt  stm32f4xx_hal_uart.o
    0x08004ad8   0x08004ad8   0x0000000e   Code   RO         5971    i.UART_DMATxHalfCplt  stm32f4xx_hal_uart.o
    0x08004ae6   0x08004ae6   0x0000006c   Code   RO         5973    i.UART_EndRxTransfer  stm32f4xx_hal_uart.o
    0x08004b52   0x08004b52   0x00000020   Code   RO         5974    i.UART_EndTransmit_IT  stm32f4xx_hal_uart.o
    0x08004b72   0x08004b72   0x00000026   Code   RO         5975    i.UART_EndTxTransfer  stm32f4xx_hal_uart.o
    0x08004b98   0x08004b98   0x000000f8   Code   RO         5976    i.UART_Receive_IT   stm32f4xx_hal_uart.o
    0x08004c90   0x08004c90   0x0000022c   Code   RO         5977    i.UART_SetConfig    stm32f4xx_hal_uart.o
    0x08004ebc   0x08004ebc   0x00000060   Code   RO         5980    i.UART_Transmit_IT  stm32f4xx_hal_uart.o
    0x08004f1c   0x08004f1c   0x00000010   Code   RO         1590    i.USART1_IRQHandler  stm32f4xx_it.o
    0x08004f2c   0x08004f2c   0x00000010   Code   RO         1591    i.USART3_IRQHandler  stm32f4xx_it.o
    0x08004f3c   0x08004f3c   0x00000010   Code   RO         1592    i.USART6_IRQHandler  stm32f4xx_it.o
    0x08004f4c   0x08004f4c   0x00000004   Code   RO         1593    i.UsageFault_Handler  stm32f4xx_it.o
    0x08004f50   0x08004f50   0x00000026   Code   RO         6670    i.__ARM_fpclassifyf  m_wm.l(fpclassifyf.o)
    0x08004f76   0x08004f76   0x00000002   PAD
    0x08004f78   0x08004f78   0x00000010   Code   RO         4235    i.__NVIC_GetPriorityGrouping  stm32f4xx_hal_cortex.o
    0x08004f88   0x08004f88   0x00000028   Code   RO         4236    i.__NVIC_SetPriority  stm32f4xx_hal_cortex.o
    0x08004fb0   0x08004fb0   0x0000012c   Code   RO         6576    i.__hardfp_asinf    m_wm.l(asinf.o)
    0x080050dc   0x080050dc   0x00000250   Code   RO         6588    i.__hardfp_atan2f   m_wm.l(atan2f.o)
    0x0800532c   0x0800532c   0x0000003a   Code   RO         6618    i.__hardfp_sqrtf    m_wm.l(sqrtf.o)
    0x08005366   0x08005366   0x00000006   Code   RO         6673    i.__mathlib_flt_infnan  m_wm.l(funder.o)
    0x0800536c   0x0800536c   0x00000006   Code   RO         6674    i.__mathlib_flt_infnan2  m_wm.l(funder.o)
    0x08005372   0x08005372   0x00000002   PAD
    0x08005374   0x08005374   0x00000010   Code   RO         6675    i.__mathlib_flt_invalid  m_wm.l(funder.o)
    0x08005384   0x08005384   0x00000010   Code   RO         6678    i.__mathlib_flt_underflow  m_wm.l(funder.o)
    0x08005394   0x08005394   0x000001d0   Code   RO         6288    i.accel_comple_filter  AHRS.lib(ahrs.o)
    0x08005564   0x08005564   0x0000018c   Code   RO         6289    i.accel_update_kp_ki  AHRS.lib(ahrs.o)
    0x080056f0   0x080056f0   0x0000016c   Code   RO         6290    i.angle_to_quat     AHRS.lib(ahrs.o)
    0x0800585c   0x0800585c   0x00000090   Code   RO          894    i.arm_cos_f32       arm_cos_f32.o
    0x080058ec   0x080058ec   0x000000b0   Code   RO          860    i.arm_sin_f32       arm_sin_f32.o
    0x0800599c   0x0800599c   0x0000016c   Code   RO          548    i.bmi088_accel_init  bmi088.o
    0x08005b08   0x08005b08   0x00000118   Code   RO          549    i.bmi088_gyro_init  bmi088.o
    0x08005c20   0x08005c20   0x00000018   Code   RO          238    i.delay_ms          haltick.o
    0x08005c38   0x08005c38   0x00000018   Code   RO          239    i.delay_us          haltick.o
    0x08005c50   0x08005c50   0x00000108   Code   RO          694    i.encoder2Angle     motor.o
    0x08005d58   0x08005d58   0x000000d0   Code   RO          804    i.f_PID_Delta_Calc  pid.o
    0x08005e28   0x08005e28   0x000000ac   Code   RO          695    i.get_Motor_Data    motor.o
    0x08005ed4   0x08005ed4   0x000000e8   Code   RO         6291    i.get_angle         AHRS.lib(ahrs.o)
    0x08005fbc   0x08005fbc   0x0000012c   Code   RO            6    i.imu_cali_slove    instask.o
    0x080060e8   0x080060e8   0x000000b0   Code   RO            7    i.imu_temp_control  instask.o
    0x08006198   0x08006198   0x00000010   Code   RO         2671    i.inHandlerMode     cmsis_os.o
    0x080061a8   0x080061a8   0x00000038   Code   RO         1243    i.main              main.o
    0x080061e0   0x080061e0   0x0000000e   Code   RO         2673    i.makeFreeRtosPriority  cmsis_os.o
    0x080061ee   0x080061ee   0x00000002   PAD
    0x080061f0   0x080061f0   0x00000028   Code   RO          240    i.micros            haltick.o
    0x08006218   0x08006218   0x0000003c   Code   RO          472    i.myprintf          myuart.o
    0x08006254   0x08006254   0x00000018   Code   RO         2675    i.osDelay           cmsis_os.o
    0x0800626c   0x0800626c   0x0000001c   Code   RO         2676    i.osDelayUntil      cmsis_os.o
    0x08006288   0x08006288   0x0000000a   Code   RO         2678    i.osKernelStart     cmsis_os.o
    0x08006292   0x08006292   0x00000014   Code   RO         2679    i.osKernelSysTick   cmsis_os.o
    0x080062a6   0x080062a6   0x0000005e   Code   RO         2712    i.osThreadCreate    cmsis_os.o
    0x08006304   0x08006304   0x000000a4   Code   RO         2305    i.prvAddCurrentTaskToDelayedList  tasks.o
    0x080063a8   0x080063a8   0x000000b4   Code   RO         2306    i.prvAddNewTaskToReadyList  tasks.o
    0x0800645c   0x0800645c   0x00000048   Code   RO         2307    i.prvCheckTasksWaitingTermination  tasks.o
    0x080064a4   0x080064a4   0x00000050   Code   RO         2308    i.prvDeleteTCB      tasks.o
    0x080064f4   0x080064f4   0x0000007c   Code   RO         3052    i.prvHeapInit       heap_4.o
    0x08006570   0x08006570   0x00000028   Code   RO         2309    i.prvIdleTask       tasks.o
    0x08006598   0x08006598   0x000000c2   Code   RO         2310    i.prvInitialiseNewTask  tasks.o
    0x0800665a   0x0800665a   0x00000002   PAD
    0x0800665c   0x0800665c   0x00000068   Code   RO         2311    i.prvInitialiseTaskLists  tasks.o
    0x080066c4   0x080066c4   0x00000068   Code   RO         3053    i.prvInsertBlockIntoFreeList  heap_4.o
    0x0800672c   0x0800672c   0x00000034   Code   RO         2312    i.prvResetNextTaskUnblockTime  tasks.o
    0x08006760   0x08006760   0x00000040   Code   RO         3121    i.prvTaskExitError  port.o
    0x080067a0   0x080067a0   0x0000014c   Code   RO         3054    i.pvPortMalloc      heap_4.o
    0x080068ec   0x080068ec   0x0000002c   Code   RO         3122    i.pxPortInitialiseStack  port.o
    0x08006918   0x08006918   0x00000084   Code   RO         6296    i.quat_normalization  AHRS.lib(ahrs.o)
    0x0800699c   0x0800699c   0x0000003e   Code   RO         6620    i.sqrtf             m_wm.l(sqrtf.o)
    0x080069da   0x080069da   0x0000007a   Code   RO         6297    i.update_w          AHRS.lib(ahrs.o)
    0x08006a54   0x08006a54   0x00000028   Code   RO         1924    i.uxListRemove      list.o
    0x08006a7c   0x08006a7c   0x00000018   Code   RO         1317    i.vApplicationGetIdleTaskMemory  freertos.o
    0x08006a94   0x08006a94   0x0000001a   Code   RO         1925    i.vListInitialise   list.o
    0x08006aae   0x08006aae   0x00000006   Code   RO         1926    i.vListInitialiseItem  list.o
    0x08006ab4   0x08006ab4   0x00000034   Code   RO         1927    i.vListInsert       list.o
    0x08006ae8   0x08006ae8   0x00000018   Code   RO         1928    i.vListInsertEnd    list.o
    0x08006b00   0x08006b00   0x00000054   Code   RO         3124    i.vPortEnterCritical  port.o
    0x08006b54   0x08006b54   0x0000003c   Code   RO         3125    i.vPortExitCritical  port.o
    0x08006b90   0x08006b90   0x000000a4   Code   RO         3055    i.vPortFree         heap_4.o
    0x08006c34   0x08006c34   0x00000028   Code   RO         3126    i.vPortSetupTimerInterrupt  port.o
    0x08006c5c   0x08006c5c   0x00000078   Code   RO         3127    i.vPortValidateInterruptPriority  port.o
    0x08006cd4   0x08006cd4   0x0000005c   Code   RO         2324    i.vTaskDelay        tasks.o
    0x08006d30   0x08006d30   0x000000d4   Code   RO         2325    i.vTaskDelayUntil   tasks.o
    0x08006e04   0x08006e04   0x000000b0   Code   RO         2338    i.vTaskStartScheduler  tasks.o
    0x08006eb4   0x08006eb4   0x00000010   Code   RO         2340    i.vTaskSuspendAll   tasks.o
    0x08006ec4   0x08006ec4   0x0000008c   Code   RO         2341    i.vTaskSwitchContext  tasks.o
    0x08006f50   0x08006f50   0x00000168   Code   RO         3128    i.xPortStartScheduler  port.o
    0x080070b8   0x080070b8   0x00000064   Code   RO         2345    i.xTaskCreate       tasks.o
    0x0800711c   0x0800711c   0x000000ba   Code   RO         2346    i.xTaskCreateStatic  tasks.o
    0x080071d6   0x080071d6   0x00000002   PAD
    0x080071d8   0x080071d8   0x0000000c   Code   RO         2352    i.xTaskGetTickCount  tasks.o
    0x080071e4   0x080071e4   0x00000014   Code   RO         2353    i.xTaskGetTickCountFromISR  tasks.o
    0x080071f8   0x080071f8   0x00000148   Code   RO         2354    i.xTaskIncrementTick  tasks.o
    0x08007340   0x08007340   0x00000104   Code   RO         2360    i.xTaskResumeAll    tasks.o
    0x08007444   0x08007444   0x0000000a   Code   RO         6800    x$fpl$fpinit        fz_wm.l(fpinit.o)
    0x0800744e   0x0800744e   0x00000000   Code   RO         6669    x$fpl$usenofp       fz_wm.l(usenofp.o)
    0x0800744e   0x0800744e   0x00000002   PAD
    0x08007450   0x08007450   0x0000000c   Data   RO            9    .constdata          instask.o
    0x0800745c   0x0800745c   0x0000001c   Data   RO         1319    .constdata          freertos.o
    0x08007478   0x08007478   0x00000018   Data   RO         1788    .constdata          system_stm32f4xx.o
    0x08007490   0x08007490   0x00000008   Data   RO         3952    .constdata          stm32f4xx_hal_dma.o
    0x08007498   0x08007498   0x0000000c   Data   RO         6298    .constdata          AHRS.lib(ahrs.o)
    0x080074a4   0x080074a4   0x0000000a   Data   RO         1320    .conststring        freertos.o
    0x080074ae   0x080074ae   0x00000002   PAD
    0x080074b0   0x080074b0   0x00000804   Data   RO         6518    .rodata.sinTable_f32  arm_cortexM4l_math.lib(arm_common_tables.o)
    0x08007cb4   0x08007cb4   0x00000020   Data   RO         6856    Region$$Table       anon$$obj.o


    Execution Region RW_IRAM1 (Exec base: 0x20000000, Load base: 0x08007cd4, Size: 0x000057d8, Max: 0x0001c000, ABSOLUTE, COMPRESSED[0x00000158])

    Exec Addr    Load Addr    Size         Type   Attr      Idx    E Section Name        Object

    0x20000000   COMPRESSED   0x000001c5   Data   RW           10    .data               instask.o
    0x200001c5   COMPRESSED   0x00000003   PAD
    0x200001c8   COMPRESSED   0x00000004   Data   RW          241    .data               haltick.o
    0x200001cc   COMPRESSED   0x0000002c   Data   RW          551    .data               bmi088.o
    0x200001f8   COMPRESSED   0x00000040   Data   RW          696    .data               motor.o
    0x20000238   COMPRESSED   0x00000004   Data   RW         1321    .data               freertos.o
    0x2000023c   COMPRESSED   0x00000004   Data   RW         1362    .data               can.o
    0x20000240   COMPRESSED   0x00000004   Data   RW         1789    .data               system_stm32f4xx.o
    0x20000244   COMPRESSED   0x0000003c   Data   RW         2363    .data               tasks.o
    0x20000280   COMPRESSED   0x00000020   Data   RW         3061    .data               heap_4.o
    0x200002a0   COMPRESSED   0x0000000c   Data   RW         3129    .data               port.o
    0x200002ac   COMPRESSED   0x00000009   Data   RW         4384    .data               stm32f4xx_hal.o
    0x200002b5   COMPRESSED   0x00000003   PAD
    0x200002b8   COMPRESSED   0x00000010   Data   RW         6299    .data               AHRS.lib(ahrs.o)
    0x200002c8        -       0x00000b68   Zero   RW            8    .bss                instask.o
    0x20000e30        -       0x00000024   Zero   RW          289    .bss                mycan.o
    0x20000e54        -       0x00000091   Zero   RW          475    .bss                myuart.o
    0x20000ee5   COMPRESSED   0x00000003   PAD
    0x20000ee8        -       0x00000024   Zero   RW          550    .bss                bmi088.o
    0x20000f0c        -       0x00000254   Zero   RW         1318    .bss                freertos.o
    0x20001160        -       0x00000050   Zero   RW         1361    .bss                can.o
    0x200011b0        -       0x00000058   Zero   RW         1433    .bss                spi.o
    0x20001208        -       0x00000048   Zero   RW         1476    .bss                tim.o
    0x20001250        -       0x000001ec   Zero   RW         1525    .bss                usart.o
    0x2000143c        -       0x00000048   Zero   RW         1743    .bss                stm32f4xx_hal_timebase_tim.o
    0x20001484        -       0x000000f0   Zero   RW         2362    .bss                tasks.o
    0x20001574        -       0x00003c00   Zero   RW         3060    .bss                heap_4.o
    0x20005174        -       0x00000060   Zero   RW         6716    .bss                c_w.l(libspace.o)
    0x200051d4   COMPRESSED   0x00000004   PAD
    0x200051d8        -       0x00000200   Zero   RW         1777    HEAP                startup_stm32f407xx.o
    0x200053d8        -       0x00000400   Zero   RW         1776    STACK               startup_stm32f407xx.o


    Execution Region RW_IRAM2 (Exec base: 0x2001c000, Load base: 0x08007e2c, Size: 0x00000000, Max: 0x00004000, ABSOLUTE)

    **** No section assigned to this execution region ****


==============================================================================

Image component sizes


      Code (inc. data)   RO Data    RW Data    ZI Data      Debug   Object Name

       168          4          0          0          0       5500   ahrs_middleware.o
       144         12          0          0          0        754   arm_cos_f32.o
       176         18          0          0          0       1330   arm_sin_f32.o
      1422         74          0         44         36       9099   bmi088.o
       528         44          0          4         80       2542   can.o
       206          0          0          0          0      30136   cmsis_os.o
       120          6          0          0          0        850   dma.o
         0          0          0          0          0      16720   event_groups.o
        64         20         38          4        596       2021   freertos.o
       548         26          0          0          0       1315   gpio.o
        88          4          0          4          0       1925   haltick.o
       724         74          0         32      15360       7523   heap_4.o
      3096        248         12        453       2920     771436   instask.o
       148          0          0          0          0       3658   list.o
       260         10          0          0          0       2760   main.o
       436         24          0         64          0       2838   motor.o
       132         24          0          0         36       3089   mycan.o
        36          0          0          0          0        976   myspi.o
        60         10          0          0        145       2836   myuart.o
       226          4          0          0          0       1696   pid.o
      1014         92          0         12          0      12225   port.o
       264         24          0          0         88       1805   spi.o
        64         26        392          0       1536        828   startup_stm32f407xx.o
        96         20          0          9          0       8174   stm32f4xx_hal.o
      1364          0          0          0          0      10970   stm32f4xx_hal_can.o
       252         22          0          0          0      33770   stm32f4xx_hal_cortex.o
      1436         16          8          0          0       7170   stm32f4xx_hal_dma.o
       542         50          0          0          0       3396   stm32f4xx_hal_gpio.o
        84          6          0          0          0        890   stm32f4xx_hal_msp.o
      1888         94          0          0          0       6397   stm32f4xx_hal_rcc.o
      1078         14          0          0          0       4745   stm32f4xx_hal_spi.o
      1704        112          0          0          0      11296   stm32f4xx_hal_tim.o
         4          0          0          0          0       1613   stm32f4xx_hal_tim_ex.o
       180         18          0          0         72       1511   stm32f4xx_hal_timebase_tim.o
      2312         26          0          0          0      13894   stm32f4xx_hal_uart.o
       240         66          0          0          0      10110   stm32f4xx_it.o
        20          6         24          4          0       1175   system_stm32f4xx.o
      2428        294          0         60        240      23294   tasks.o
       256         28          0          0         72       2370   tim.o
       852         84          0          0        492       3473   usart.o

    ----------------------------------------------------------------------
     24680       1600        508        696      21676    1028110   Object Totals
         0          0         32          0          0          0   (incl. Generated)
        20          0          2          6          3          0   (incl. Padding)

    ----------------------------------------------------------------------

      Code (inc. data)   RO Data    RW Data    ZI Data      Debug   Library Member Name

      2718         84         12         16          0       9922   ahrs.o
         0          0       2052          0          0       4961   arm_common_tables.o
        90          0          0          0          0          0   __dczerorl2.o
         8          0          0          0          0         68   __main.o
         0          0          0          0          0          0   __rtentry.o
        12          0          0          0          0          0   __rtentry2.o
         6          0          0          0          0          0   __rtentry4.o
        52          8          0          0          0          0   __scatter.o
        28          0          0          0          0          0   __scatter_zi.o
        22          0          0          0          0        100   _rserrno.o
        16          0          0          0          0         68   aeabi_memset.o
        18          0          0          0          0         80   exit.o
         6          0          0          0          0        152   heapauxi.o
         0          0          0          0          0          0   indicate_semi.o
         2          0          0          0          0          0   libinit.o
         6          0          0          0          0          0   libinit2.o
         2          0          0          0          0          0   libshutdown.o
         2          0          0          0          0          0   libshutdown2.o
         8          4          0          0         96         68   libspace.o
       238          0          0          0          0        100   lludivv7m.o
         8          4          0          0          0         68   rt_errno_addr_intlibspace.o
        68          0          0          0          0         68   rt_memclr.o
        78          0          0          0          0         80   rt_memclr_w.o
       100          0          0          0          0         80   rt_memcpy_w.o
         2          0          0          0          0          0   rtexit.o
        10          0          0          0          0          0   rtexit2.o
        12          4          0          0          0         68   sys_exit.o
        74          0          0          0          0         80   sys_stackheap_outer.o
         2          0          0          0          0         68   use_no_semi.o
        10          0          0          0          0        116   fpinit.o
         0          0          0          0          0          0   usenofp.o
       300         42          0          0          0        176   asinf.o
       592         90          0          0          0        184   atan2f.o
        38          0          0          0          0        116   fpclassifyf.o
        44         12          0          0          0        464   funder.o
       120          0          0          0          0        272   sqrtf.o

    ----------------------------------------------------------------------
      4704        248       2064         16        100      17359   Library Totals
        12          0          0          0          4          0   (incl. Padding)

    ----------------------------------------------------------------------

      Code (inc. data)   RO Data    RW Data    ZI Data      Debug   Library Name

      2718         84         12         16          0       9922   AHRS.lib
         0          0       2052          0          0       4961   arm_cortexM4l_math.lib
       870         20          0          0         96       1148   c_w.l
        10          0          0          0          0        116   fz_wm.l
      1094        144          0          0          0       1212   m_wm.l

    ----------------------------------------------------------------------
      4704        248       2064         16        100      17359   Library Totals

    ----------------------------------------------------------------------

==============================================================================


      Code (inc. data)   RO Data    RW Data    ZI Data      Debug   

     29384       1848       2572        712      21776    1023749   Grand Totals
     29384       1848       2572        344      21776    1023749   ELF Image Totals (compressed)
     29384       1848       2572        344          0          0   ROM Totals

==============================================================================

    Total RO  Size (Code + RO Data)                31956 (  31.21kB)
    Total RW  Size (RW Data + ZI Data)             22488 (  21.96kB)
    Total ROM Size (Code + RO Data + RW Data)      32300 (  31.54kB)

==============================================================================

